Archive member included to satisfy reference by file (symbol)

c:/program files (x86)/gnu tools arm embedded/6 2017-q2-update/bin/../lib/gcc/arm-none-eabi/6.3.1/thumb/v7-m\libgcc.a(_arm_addsubdf3.o)
                              ..\obj\util.o (__aeabi_f2d)
c:/program files (x86)/gnu tools arm embedded/6 2017-q2-update/bin/../lib/gcc/arm-none-eabi/6.3.1/thumb/v7-m\libgcc.a(_arm_muldivdf3.o)
                              ..\obj\util.o (__aeabi_dmul)
c:/program files (x86)/gnu tools arm embedded/6 2017-q2-update/bin/../lib/gcc/arm-none-eabi/6.3.1/thumb/v7-m\libgcc.a(_arm_truncdfsf2.o)
                              ..\obj\util.o (__aeabi_d2f)
c:/program files (x86)/gnu tools arm embedded/6 2017-q2-update/bin/../lib/gcc/arm-none-eabi/6.3.1/thumb/v7-m\libgcc.a(_arm_addsubsf3.o)
                              ..\obj\util.o (__aeabi_fsub)
c:/program files (x86)/gnu tools arm embedded/6 2017-q2-update/bin/../lib/gcc/arm-none-eabi/6.3.1/thumb/v7-m\libgcc.a(_arm_muldivsf3.o)
                              ..\obj\util.o (__aeabi_fmul)
c:/program files (x86)/gnu tools arm embedded/6 2017-q2-update/bin/../lib/gcc/arm-none-eabi/6.3.1/thumb/v7-m\libgcc.a(_arm_cmpsf2.o)
                              ..\obj\utilplus.o (__aeabi_fcmpeq)
c:/program files (x86)/gnu tools arm embedded/6 2017-q2-update/bin/../lib/gcc/arm-none-eabi/6.3.1/thumb/v7-m\libgcc.a(_arm_fixunssfsi.o)
                              ..\obj\pwm.o (__aeabi_f2uiz)
c:/program files (x86)/gnu tools arm embedded/6 2017-q2-update/bin/../lib/gcc/arm-none-eabi/6.3.1/thumb/v7-m\libgcc.a(_mulsc3.o)
                              ..\obj\utilplus.o (__mulsc3)
c:/program files (x86)/gnu tools arm embedded/6 2017-q2-update/bin/../lib/gcc/arm-none-eabi/6.3.1/thumb/v7-m\libgcc.a(_divsc3.o)
                              ..\obj\utilplus.o (__divsc3)
c:/program files (x86)/gnu tools arm embedded/6 2017-q2-update/bin/../lib/gcc/arm-none-eabi/6.3.1/thumb/v7-m\libgcc.a(unwind-arm.o)
                              ..\obj\handler.o (__aeabi_unwind_cpp_pr0)
c:/program files (x86)/gnu tools arm embedded/6 2017-q2-update/bin/../lib/gcc/arm-none-eabi/6.3.1/thumb/v7-m\libgcc.a(libunwind.o)
                              c:/program files (x86)/gnu tools arm embedded/6 2017-q2-update/bin/../lib/gcc/arm-none-eabi/6.3.1/thumb/v7-m\libgcc.a(unwind-arm.o) (restore_core_regs)
c:/program files (x86)/gnu tools arm embedded/6 2017-q2-update/bin/../lib/gcc/arm-none-eabi/6.3.1/thumb/v7-m\libgcc.a(pr-support.o)
                              c:/program files (x86)/gnu tools arm embedded/6 2017-q2-update/bin/../lib/gcc/arm-none-eabi/6.3.1/thumb/v7-m\libgcc.a(unwind-arm.o) (__gnu_unwind_execute)
c:/program files (x86)/gnu tools arm embedded/6 2017-q2-update/bin/../lib/gcc/arm-none-eabi/6.3.1/../../../../arm-none-eabi/lib/thumb/v7-m\libg.a(lib_a-exit.o)
                              c:/program files (x86)/gnu tools arm embedded/6 2017-q2-update/bin/../lib/gcc/arm-none-eabi/6.3.1/../../../../arm-none-eabi/lib/thumb/v7-m/crt0.o (exit)
c:/program files (x86)/gnu tools arm embedded/6 2017-q2-update/bin/../lib/gcc/arm-none-eabi/6.3.1/../../../../arm-none-eabi/lib/thumb/v7-m\libg.a(lib_a-impure.o)
                              c:/program files (x86)/gnu tools arm embedded/6 2017-q2-update/bin/../lib/gcc/arm-none-eabi/6.3.1/../../../../arm-none-eabi/lib/thumb/v7-m\libg.a(lib_a-exit.o) (_global_impure_ptr)
c:/program files (x86)/gnu tools arm embedded/6 2017-q2-update/bin/../lib/gcc/arm-none-eabi/6.3.1/../../../../arm-none-eabi/lib/thumb/v7-m\libg.a(lib_a-init.o)
                              c:/program files (x86)/gnu tools arm embedded/6 2017-q2-update/bin/../lib/gcc/arm-none-eabi/6.3.1/../../../../arm-none-eabi/lib/thumb/v7-m/crt0.o (__libc_init_array)
c:/program files (x86)/gnu tools arm embedded/6 2017-q2-update/bin/../lib/gcc/arm-none-eabi/6.3.1/../../../../arm-none-eabi/lib/thumb/v7-m\libg.a(lib_a-memcpy.o)
                              c:/program files (x86)/gnu tools arm embedded/6 2017-q2-update/bin/../lib/gcc/arm-none-eabi/6.3.1/thumb/v7-m\libgcc.a(unwind-arm.o) (memcpy)
c:/program files (x86)/gnu tools arm embedded/6 2017-q2-update/bin/../lib/gcc/arm-none-eabi/6.3.1/../../../../arm-none-eabi/lib/thumb/v7-m\libg.a(lib_a-memset.o)
                              c:/program files (x86)/gnu tools arm embedded/6 2017-q2-update/bin/../lib/gcc/arm-none-eabi/6.3.1/../../../../arm-none-eabi/lib/thumb/v7-m/crt0.o (memset)
c:/program files (x86)/gnu tools arm embedded/6 2017-q2-update/bin/../lib/gcc/arm-none-eabi/6.3.1/../../../../arm-none-eabi/lib/thumb/v7-m\libg.a(lib_a-vsprintf.o)
                              ..\obj\usart.o (vsprintf)
c:/program files (x86)/gnu tools arm embedded/6 2017-q2-update/bin/../lib/gcc/arm-none-eabi/6.3.1/../../../../arm-none-eabi/lib/thumb/v7-m\libg.a(lib_a-__call_atexit.o)
                              c:/program files (x86)/gnu tools arm embedded/6 2017-q2-update/bin/../lib/gcc/arm-none-eabi/6.3.1/../../../../arm-none-eabi/lib/thumb/v7-m\libg.a(lib_a-exit.o) (__call_exitprocs)
[...]
Memory Configuration

Name             Origin             Length             Attributes
rom              0x08000000         0x00020000         xr
ram              0x20000000         0x00005000         xrw
*default*        0x00000000         0xffffffff

Linker script and memory map

LOAD c:/program files (x86)/gnu tools arm embedded/6 2017-q2-update/bin/../lib/gcc/arm-none-eabi/6.3.1/thumb/v7-m/crti.o
LOAD c:/program files (x86)/gnu tools arm embedded/6 2017-q2-update/bin/../lib/gcc/arm-none-eabi/6.3.1/thumb/v7-m/crtbegin.o
LOAD c:/program files (x86)/gnu tools arm embedded/6 2017-q2-update/bin/../lib/gcc/arm-none-eabi/6.3.1/../../../../arm-none-eabi/lib/thumb/v7-m/crt0.o
                0x20005000                _eram = 0x20005000

.text           0x08000000     0x847d
 *(.isr_vector)
 .isr_vector    0x08000000      0x10c ..\obj\startup_stm32f10x_md.o
                0x08000000                g_pfnVectors
 *(.text*)
 .text          0x0800010c       0x6c c:/program files (x86)/gnu tools arm embedded/6 2017-q2-update/bin/../lib/gcc/arm-none-eabi/6.3.1/thumb/v7-m/crtbegin.o
 .text.SysTick_Handler
                0x08000178        0xc ..\obj\handler.o
                0x08000178                SysTick_Handler
 .text.USART1_IRQHandler
                0x08000184       0x4c ..\obj\handler.o
                0x08000184                USART1_IRQHandler
 .text.USART2_IRQHandler
                0x080001d0       0x4c ..\obj\handler.o
                0x080001d0                USART2_IRQHandler
 .text.USART3_IRQHandler
                0x0800021c       0x4c ..\obj\handler.o
                0x0800021c                USART3_IRQHandler
 .text.TIM_TimeBaseInit
                0x08000268       0xf8 ..\obj\stm32f10x_tim.o
                0x08000268                TIM_TimeBaseInit
 .text.TIM_OC1Init
                0x08000360      0x118 ..\obj\stm32f10x_tim.o
                0x08000360                TIM_OC1Init
 .text.TIM_OC2Init
                0x08000478      0x110 ..\obj\stm32f10x_tim.o
                0x08000478                TIM_OC2Init
 .text.TIM_OC3Init
                0x08000588      0x10c ..\obj\stm32f10x_tim.o
                0x08000588                TIM_OC3Init
 .text.TIM_OC4Init
                0x08000694       0xd0 ..\obj\stm32f10x_tim.o
                0x08000694                TIM_OC4Init
 .text.TIM_TimeBaseStructInit
                0x08000764       0x32 ..\obj\stm32f10x_tim.o
                0x08000764                TIM_TimeBaseStructInit
 .text.TIM_OCStructInit
                0x08000796       0x42 ..\obj\stm32f10x_tim.o
                0x08000796                TIM_OCStructInit
 .text.TIM_Cmd  0x080007d8       0x3e ..\obj\stm32f10x_tim.o
                0x080007d8                TIM_Cmd
 .text.TIM_CtrlPWMOutputs
                0x08000816       0x4a ..\obj\stm32f10x_tim.o
                0x08000816                TIM_CtrlPWMOutputs
 .text.TIM_ARRPreloadConfig
                0x08000860       0x3e ..\obj\stm32f10x_tim.o
                0x08000860                TIM_ARRPreloadConfig
 *fill*         0x0800089e        0x2 
 .text.SystemInit
                0x080008a0       0x68 ..\obj\system_stm32f10x.o
                0x080008a0                SystemInit
 .text.SetSysClock
                0x08000908        0xc ..\obj\system_stm32f10x.o
 .text.SetSysClockTo72
                0x08000914      0x100 ..\obj\system_stm32f10x.o
 .text._ZN3Pwm4initEv
                0x08000a14       0x44 ..\obj\pwm.o
                0x08000a14                Pwm::init()
 .text._ZN3PwmC2Ev
                0x08000a58       0x18 ..\obj\pwm.o
                0x08000a58                Pwm::Pwm()
                0x08000a58                Pwm::Pwm()
 .text._ZN3Pwm3setEP12GPIO_TypeDeftP11TIM_TypeDefttt
                0x08000a70       0x44 ..\obj\pwm.o
                0x08000a70                Pwm::set(GPIO_TypeDef*, unsigned short, TIM_TypeDef*, unsigned short, unsigned short, unsigned short)
 .text._ZN3Pwm5setupEv
                0x08000ab4       0x54 ..\obj\pwm.o
                0x08000ab4                Pwm::setup()
 .text._ZN3Pwm4dutyEf
                0x08000b08       0xde ..\obj\pwm.o
                0x08000b08                Pwm::duty(float)
 *fill*         0x08000be6        0x2 
 .text._ZN3Pwm9configPwmEv
                0x08000be8      0x274 ..\obj\pwm.o
                0x08000be8                Pwm::configPwm()
 .text.Default_Reset_Handler
                0x08000e5c       0x60 ..\obj\startup_stm32f10x_md.o
                0x08000e5c                Default_Reset_Handler
                0x08000e5c                Reset_Handler
 .text.Default_Handler
                0x08000ebc        0x6 ..\obj\startup_stm32f10x_md.o
                0x08000ebc                EXTI2_IRQHandler
                0x08000ebc                DebugMon_Handler
                0x08000ebc                TIM1_CC_IRQHandler
                0x08000ebc                HardFault_Handler
                0x08000ebc                PVD_IRQHandler
                0x08000ebc                PendSV_Handler
                0x08000ebc                NMI_Handler
                0x08000ebc                EXTI3_IRQHandler
                0x08000ebc                EXTI0_IRQHandler
                0x08000ebc                I2C2_EV_IRQHandler
                0x08000ebc                UsageFault_Handler
                0x08000ebc                ADC1_2_IRQHandler
                0x08000ebc                SPI1_IRQHandler
                0x08000ebc                TAMPER_IRQHandler
                0x08000ebc                DMA1_Channel4_IRQHandler
                0x08000ebc                RTC_IRQHandler
                0x08000ebc                DMA1_Channel7_IRQHandler
                0x08000ebc                CAN1_RX1_IRQHandler
                0x08000ebc                TIM4_IRQHandler
                0x08000ebc                I2C1_EV_IRQHandler
                0x08000ebc                DMA1_Channel6_IRQHandler
                0x08000ebc                TIM3_IRQHandler
                0x08000ebc                RCC_IRQHandler
                0x08000ebc                TIM1_TRG_COM_IRQHandler
                0x08000ebc                DMA1_Channel1_IRQHandler
                0x08000ebc                EXTI15_10_IRQHandler
                0x08000ebc                EXTI9_5_IRQHandler
                0x08000ebc                SPI2_IRQHandler
                0x08000ebc                MemManage_Handler
                0x08000ebc                SVC_Handler
                0x08000ebc                DMA1_Channel5_IRQHandler
                0x08000ebc                EXTI4_IRQHandler
                0x08000ebc                USB_LP_CAN1_RX0_IRQHandler
                0x08000ebc                USB_HP_CAN1_TX_IRQHandler
                0x08000ebc                DMA1_Channel3_IRQHandler
                0x08000ebc                TIM1_UP_IRQHandler
                0x08000ebc                WWDG_IRQHandler
                0x08000ebc                TIM2_IRQHandler
                0x08000ebc                TIM1_BRK_IRQHandler
                0x08000ebc                EXTI1_IRQHandler
                0x08000ebc                RTCAlarm_IRQHandler
                0x08000ebc                I2C2_ER_IRQHandler
                0x08000ebc                DMA1_Channel2_IRQHandler
                0x08000ebc                CAN1_SCE_IRQHandler
                0x08000ebc                FLASH_IRQHandler
                0x08000ebc                BusFault_Handler
                0x08000ebc                I2C1_ER_IRQHandler
                0x08000ebc                USBWakeUp_IRQHandler
 .text.GPIO_Init
                0x08000ec2      0x178 ..\obj\stm32f10x_gpio.o
                0x08000ec2                GPIO_Init
 .text.GPIO_StructInit
                0x0800103a       0x26 ..\obj\stm32f10x_gpio.o
                0x0800103a                GPIO_StructInit
 .text.GPIO_ReadInputDataBit
                0x08001060       0x32 ..\obj\stm32f10x_gpio.o
                0x08001060                GPIO_ReadInputDataBit
 .text.GPIO_WriteBit
                0x08001092       0x2e ..\obj\stm32f10x_gpio.o
                0x08001092                GPIO_WriteBit
 .text._Z5setupv
                0x080010c0       0x84 ..\obj\main.o
                0x080010c0                setup()
 .text.main     0x08001144       0x50 ..\obj\main.o
                0x08001144                main
 .text._Z41__static_initialization_and_destruction_0ii
                0x08001194       0x40 ..\obj\main.o
 .text._GLOBAL__sub_I_led0
                0x080011d4       0x10 ..\obj\main.o
 .text.NVIC_SetPriority
                0x080011e4       0x5c ..\obj\system.o
 .text.SysTick_Config
                0x08001240       0x44 ..\obj\system.o
 .text._Z12setupSysTimev
                0x08001284       0x64 ..\obj\system.o
                0x08001284                setupSysTime()
 .text._Z6millisv
                0x080012e8       0x20 ..\obj\system.o
                0x080012e8                millis()
 .text._Z19sysTickTimInterruptv
                0x08001308       0x1c ..\obj\system.o
                0x08001308                sysTickTimInterrupt()
 .text._ZN10RingBufferI8CanTxMsgLi256EEC2Ev
                0x08001324       0x2c ..\obj\can.o
                0x08001324                RingBuffer<CanTxMsg, 256>::RingBuffer()
                0x08001324                RingBuffer<CanTxMsg, 256>::RingBuffer()
 .text._Z41__static_initialization_and_destruction_0ii
                0x08001350       0x2c ..\obj\can.o
 .text._GLOBAL__sub_I__ZN3Can6filterE
                0x0800137c       0x10 ..\obj\can.o
 .text.RCC_GetClocksFreq
                0x0800138c      0x160 ..\obj\stm32f10x_rcc.o
                0x0800138c                RCC_GetClocksFreq
 .text.RCC_APB2PeriphClockCmd
                0x080014ec       0x3c ..\obj\stm32f10x_rcc.o
                0x080014ec                RCC_APB2PeriphClockCmd
 .text.RCC_APB1PeriphClockCmd
                0x08001528       0x3c ..\obj\stm32f10x_rcc.o
                0x08001528                RCC_APB1PeriphClockCmd
 .text.RCC_APB2PeriphResetCmd
                0x08001564       0x3c ..\obj\stm32f10x_rcc.o
                0x08001564                RCC_APB2PeriphResetCmd
 .text.RCC_APB1PeriphResetCmd
                0x080015a0       0x3c ..\obj\stm32f10x_rcc.o
                0x080015a0                RCC_APB1PeriphResetCmd
 .text._ZN4Gpio4initEv
                0x080015dc       0x1e ..\obj\gpio.o
                0x080015dc                Gpio::init()
 .text._ZN4GpioC2Ev
                0x080015fa       0x18 ..\obj\gpio.o
                0x080015fa                Gpio::Gpio()
                0x080015fa                Gpio::Gpio()
 .text._ZN4Gpio3setEP12GPIO_TypeDeft16GPIOMode_TypeDef
                0x08001612       0x38 ..\obj\gpio.o
                0x08001612                Gpio::set(GPIO_TypeDef*, unsigned short, GPIOMode_TypeDef)
 .text._ZN4Gpio5setupEv
                0x0800164a       0x4a ..\obj\gpio.o
                0x0800164a                Gpio::setup()
 .text._ZN4Gpio6toggleEv
                0x08001694       0x32 ..\obj\gpio.o
                0x08001694                Gpio::toggle()
 .text._ZN4Gpio8gpioHighEv
                0x080016c6       0x28 ..\obj\gpio.o
                0x080016c6                Gpio::gpioHigh()
 .text._ZN4Gpio7gpioLowEv
                0x080016ee       0x28 ..\obj\gpio.o
                0x080016ee                Gpio::gpioLow()
 .text._ZN4Gpio9readStateEv
                0x08001716       0x40 ..\obj\gpio.o
                0x08001716                Gpio::readState()
 *fill*         0x08001756        0x2 
 .text._ZN4Gpio10configGpioEv
                0x08001758       0xa0 ..\obj\gpio.o
                0x08001758                Gpio::configGpio()
 .text.USART_DeInit
                0x080017f8       0xb8 ..\obj\stm32f10x_usart.o
                0x080017f8                USART_DeInit
 .text.USART_Init
                0x080018b0      0x174 ..\obj\stm32f10x_usart.o
                0x080018b0                USART_Init
 .text.USART_StructInit
                0x08001a24       0x38 ..\obj\stm32f10x_usart.o
                0x08001a24                USART_StructInit
 .text.USART_Cmd
                0x08001a5c       0x3e ..\obj\stm32f10x_usart.o
                0x08001a5c                USART_Cmd
 .text.USART_ITConfig
                0x08001a9a       0x8e ..\obj\stm32f10x_usart.o
                0x08001a9a                USART_ITConfig
 .text.USART_SendData
                0x08001b28       0x22 ..\obj\stm32f10x_usart.o
                0x08001b28                USART_SendData
 .text.USART_ReceiveData
                0x08001b4a       0x1e ..\obj\stm32f10x_usart.o
                0x08001b4a                USART_ReceiveData
 .text.USART_GetITStatus
                0x08001b68       0xb4 ..\obj\stm32f10x_usart.o
                0x08001b68                USART_GetITStatus
 .text.USART_ClearITPendingBit
                0x08001c1c       0x38 ..\obj\stm32f10x_usart.o
                0x08001c1c                USART_ClearITPendingBit
 .text._sbrk    0x08001c54       0x3c ..\obj\syscalls.o
                0x08001c54                _sbrk
 .text.abort    0x08001c90        0x6 ..\obj\syscalls.o
                0x08001c90                abort
 *fill*         0x08001c96        0x2 
 .text.NVIC_Init
                0x08001c98       0xc4 ..\obj\misc.o
                0x08001c98                NVIC_Init
 .text._ZN5Usart4initEv
                0x08001d5c       0x1e ..\obj\usart.o
                0x08001d5c                Usart::init()
 .text._ZN5UsartC2Ev
                0x08001d7a       0x2e ..\obj\usart.o
                0x08001d7a                Usart::Usart()
                0x08001d7a                Usart::Usart()
 .text._ZN5Usart3setEP12GPIO_TypeDeftS1_tP13USART_TypeDefm
                0x08001da8       0x44 ..\obj\usart.o
                0x08001da8                Usart::set(GPIO_TypeDef*, unsigned short, GPIO_TypeDef*, unsigned short, USART_TypeDef*, unsigned long)
 .text._ZN5Usart5setupEv
                0x08001dec       0x4a ..\obj\usart.o
                0x08001dec                Usart::setup()
 .text._ZN5Usart6printfEPKcz
                0x08001e36       0x7c ..\obj\usart.o
                0x08001e36                Usart::printf(char const*, ...)
 *fill*         0x08001eb2        0x2 
 .text._ZN5Usart11configUsartEv
                0x08001eb4      0x258 ..\obj\usart.o
                0x08001eb4                Usart::configUsart()
 .text._Z17usart1TxInterruptv
                0x0800210c       0x58 ..\obj\usart.o
                0x0800210c                usart1TxInterrupt()
 .text._Z17usart2TxInterruptv
                0x08002164       0x58 ..\obj\usart.o
                0x08002164                usart2TxInterrupt()
 .text._Z17usart3TxInterruptv
                0x080021bc       0x58 ..\obj\usart.o
                0x080021bc                usart3TxInterrupt()
 .text._Z16usartRxInterruptP13USART_TypeDef
                0x08002214       0x88 ..\obj\usart.o
                0x08002214                usartRxInterrupt(USART_TypeDef*)
 .text._Z13usartTransmitP13USART_TypeDefc
                0x0800229c       0xe4 ..\obj\usart.o
                0x0800229c                usartTransmit(USART_TypeDef*, char)
 .text._ZN10RingBufferIcLi256EEC2Ev
                0x08002380       0x24 ..\obj\usart.o
                0x08002380                RingBuffer<char, 256>::RingBuffer()
                0x08002380                RingBuffer<char, 256>::RingBuffer()
 .text._ZN10RingBufferIcLi256EE7isEmptyEv
                0x080023a4       0x28 ..\obj\usart.o
                0x080023a4                RingBuffer<char, 256>::isEmpty()
 .text._ZN10RingBufferIcLi256EE4readEv
                0x080023cc       0x64 ..\obj\usart.o
                0x080023cc                RingBuffer<char, 256>::read()
 .text._ZN10RingBufferIcLi256EE5writeEc
                0x08002430       0x60 ..\obj\usart.o
                0x08002430                RingBuffer<char, 256>::write(char)
 .text          0x08002490      0x370 c:/program files (x86)/gnu tools arm embedded/6 2017-q2-update/bin/../lib/gcc/arm-none-eabi/6.3.1/thumb/v7-m\libgcc.a(_arm_addsubdf3.o)
                0x08002490                __aeabi_drsub
                0x08002498                __aeabi_dsub
                0x08002498                __subdf3
                0x0800249c                __aeabi_dadd
                0x0800249c                __adddf3
                0x08002714                __floatunsidf
                0x08002714                __aeabi_ui2d
                0x08002734                __floatsidf
                0x08002734                __aeabi_i2d
                0x08002758                __aeabi_f2d
                0x08002758                __extendsfdf2
                0x08002794                __floatundidf
                0x08002794                __aeabi_ul2d
                0x080027a4                __floatdidf
                0x080027a4                __aeabi_l2d
 .text          0x08002800      0x424 c:/program files (x86)/gnu tools arm embedded/6 2017-q2-update/bin/../lib/gcc/arm-none-eabi/6.3.1/thumb/v7-m\libgcc.a(_arm_muldivdf3.o)
                0x08002800                __aeabi_dmul
                0x08002800                __muldf3
                0x08002a54                __divdf3
                0x08002a54                __aeabi_ddiv
 .text          0x08002c24      0x21c c:/program files (x86)/gnu tools arm embedded/6 2017-q2-update/bin/../lib/gcc/arm-none-eabi/6.3.1/thumb/v7-m\libgcc.a(_arm_addsubsf3.o)
                0x08002c24                __aeabi_frsub
                0x08002c2c                __subsf3
                0x08002c2c                __aeabi_fsub
                0x08002c30                __aeabi_fadd
                0x08002c30                __addsf3
                0x08002d90                __aeabi_ui2f
                0x08002d90                __floatunsisf
                0x08002d98                __aeabi_i2f
                0x08002d98                __floatsisf
                0x08002db4                __aeabi_ul2f
                0x08002db4                __floatundisf
                0x08002dc4                __aeabi_l2f
                0x08002dc4                __floatdisf
 .text          0x08002e40      0x2a0 c:/program files (x86)/gnu tools arm embedded/6 2017-q2-update/bin/../lib/gcc/arm-none-eabi/6.3.1/thumb/v7-m\libgcc.a(_arm_muldivsf3.o)
                0x08002e40                __mulsf3
                0x08002e40                __aeabi_fmul
                0x08002fa8                __aeabi_fdiv
                0x08002fa8                __divsf3
 .text          0x080030e0       0xec c:/program files (x86)/gnu tools arm embedded/6 2017-q2-update/bin/../lib/gcc/arm-none-eabi/6.3.1/thumb/v7-m\libgcc.a(_arm_cmpsf2.o)
                0x080030e0                __gesf2
                0x080030e0                __gtsf2
                0x080030e8                __lesf2
                0x080030e8                __ltsf2
                0x080030f0                __nesf2
                0x080030f0                __eqsf2
                0x080030f0                __cmpsf2
                0x08003150                __aeabi_cfrcmple
                0x08003158                __aeabi_cfcmpeq
                0x08003158                __aeabi_cfcmple
                0x08003168                __aeabi_fcmpeq
                0x0800317c                __aeabi_fcmplt
                0x08003190                __aeabi_fcmple
                0x080031a4                __aeabi_fcmpge
                0x080031b8                __aeabi_fcmpgt
 .text          0x080031cc       0x40 c:/program files (x86)/gnu tools arm embedded/6 2017-q2-update/bin/../lib/gcc/arm-none-eabi/6.3.1/thumb/v7-m\libgcc.a(_arm_fixunssfsi.o)
                0x080031cc                __fixunssfsi
                0x080031cc                __aeabi_f2uiz
 .text          0x0800320c      0x9dc c:/program files (x86)/gnu tools arm embedded/6 2017-q2-update/bin/../lib/gcc/arm-none-eabi/6.3.1/thumb/v7-m\libgcc.a(unwind-arm.o)
                0x080034d0                _Unwind_GetCFA
                0x080034d4                __gnu_Unwind_RaiseException
                0x08003534                __gnu_Unwind_ForcedUnwind
                0x08003548                __gnu_Unwind_Resume
                0x0800358c                __gnu_Unwind_Resume_or_Rethrow
                0x080035a0                _Unwind_Complete
                0x080035a4                _Unwind_DeleteException
                0x080035b0                _Unwind_VRS_Get
                0x080035fc                _Unwind_VRS_Set
                0x0800364c                __gnu_Unwind_Backtrace
                0x08003990                __aeabi_unwind_cpp_pr0
                0x08003994                __aeabi_unwind_cpp_pr1
                0x08003998                __aeabi_unwind_cpp_pr2
                0x0800399c                _Unwind_VRS_Pop
 .text          0x08003be8      0x1ac c:/program files (x86)/gnu tools arm embedded/6 2017-q2-update/bin/../lib/gcc/arm-none-eabi/6.3.1/thumb/v7-m\libgcc.a(libunwind.o)
                0x08003be8                __restore_core_regs
                0x08003be8                restore_core_regs
                0x08003c00                __gnu_Unwind_Restore_VFP
                0x08003c08                __gnu_Unwind_Save_VFP
                0x08003c10                __gnu_Unwind_Restore_VFP_D
                0x08003c18                __gnu_Unwind_Save_VFP_D
                0x08003c20                __gnu_Unwind_Restore_VFP_D_16_to_31
                0x08003c28                __gnu_Unwind_Save_VFP_D_16_to_31
                0x08003c30                __gnu_Unwind_Restore_WMMXD
                0x08003c74                __gnu_Unwind_Save_WMMXD
                0x08003cb8                __gnu_Unwind_Restore_WMMXC
                0x08003ccc                __gnu_Unwind_Save_WMMXC
                0x08003ce0                ___Unwind_RaiseException
                0x08003ce0                _Unwind_RaiseException
                0x08003d04                _Unwind_Resume
                0x08003d04                ___Unwind_Resume
                0x08003d28                _Unwind_Resume_or_Rethrow
                0x08003d28                ___Unwind_Resume_or_Rethrow
                0x08003d4c                _Unwind_ForcedUnwind
                0x08003d4c                ___Unwind_ForcedUnwind
                0x08003d70                ___Unwind_Backtrace
                0x08003d70                _Unwind_Backtrace
 .text          0x08003d94      0x384 c:/program files (x86)/gnu tools arm embedded/6 2017-q2-update/bin/../lib/gcc/arm-none-eabi/6.3.1/thumb/v7-m\libgcc.a(pr-support.o)
                0x08003dec                __gnu_unwind_execute
                0x080040bc                __gnu_unwind_frame
                0x080040e8                _Unwind_GetRegionStart
                0x080040f4                _Unwind_GetLanguageSpecificData
                0x08004108                _Unwind_GetTextRelBase
                0x08004110                _Unwind_GetDataRelBase
 .text          0x08004118       0xec c:/program files (x86)/gnu tools arm embedded/6 2017-q2-update/bin/../lib/gcc/arm-none-eabi/6.3.1/../../../../arm-none-eabi/lib/thumb/v7-m\libg.a(lib_a-memcpy.o)
                0x08004118                memcpy
 .text.memset   0x08004204       0x9c c:/program files (x86)/gnu tools arm embedded/6 2017-q2-update/bin/../lib/gcc/arm-none-eabi/6.3.1/../../../../arm-none-eabi/lib/thumb/v7-m\libg.a(lib_a-memset.o)
                0x08004204                memset
 .text._vsprintf_r
                0x080042a0       0x34 c:/program files (x86)/gnu tools arm embedded/6 2017-q2-update/bin/../lib/gcc/arm-none-eabi/6.3.1/../../../../arm-none-eabi/lib/thumb/v7-m\libg.a(lib_a-vsprintf.o)
                0x080042a0                _vsprintf_r
 .text.vsprintf
                0x080042d4       0x18 c:/program files (x86)/gnu tools arm embedded/6 2017-q2-update/bin/../lib/gcc/arm-none-eabi/6.3.1/../../../../arm-none-eabi/lib/thumb/v7-m\libg.a(lib_a-vsprintf.o)
                0x080042d4                vsprintf
 .text.startup.register_fini
                0x080042ec       0x14 c:/program files (x86)/gnu tools arm embedded/6 2017-q2-update/bin/../lib/gcc/arm-none-eabi/6.3.1/../../../../arm-none-eabi/lib/thumb/v7-m\libg.a(lib_a-__call_atexit.o)
 .text.atexit   0x08004300        0xc c:/program files (x86)/gnu tools arm embedded/6 2017-q2-update/bin/../lib/gcc/arm-none-eabi/6.3.1/../../../../arm-none-eabi/lib/thumb/v7-m\libg.a(lib_a-atexit.o)
                0x08004300                atexit
 .text.__libc_fini_array
                0x0800430c       0x34 c:/program files (x86)/gnu tools arm embedded/6 2017-q2-update/bin/../lib/gcc/arm-none-eabi/6.3.1/../../../../arm-none-eabi/lib/thumb/v7-m\libg.a(lib_a-fini.o)
                0x0800430c                __libc_fini_array
 .text.__retarget_lock_acquire_recursive
                0x08004340        0x4 c:/program files (x86)/gnu tools arm embedded/6 2017-q2-update/bin/../lib/gcc/arm-none-eabi/6.3.1/../../../../arm-none-eabi/lib/thumb/v7-m\libg.a(lib_a-lock.o)
                0x08004340                __retarget_lock_acquire_recursive
 .text.__retarget_lock_release_recursive
                0x08004344        0x4 c:/program files (x86)/gnu tools arm embedded/6 2017-q2-update/bin/../lib/gcc/arm-none-eabi/6.3.1/../../../../arm-none-eabi/lib/thumb/v7-m\libg.a(lib_a-lock.o)
                0x08004344                __retarget_lock_release_recursive
 .text._svfprintf_r
                0x08004348     0x1500 c:/program files (x86)/gnu tools arm embedded/6 2017-q2-update/bin/../lib/gcc/arm-none-eabi/6.3.1/../../../../arm-none-eabi/lib/thumb/v7-m\libg.a(lib_a-svfprintf.o)
                0x08004348                _svfprintf_r
 .text.__register_exitproc
                0x08005848       0xc4 c:/program files (x86)/gnu tools arm embedded/6 2017-q2-update/bin/../lib/gcc/arm-none-eabi/6.3.1/../../../../arm-none-eabi/lib/thumb/v7-m\libg.a(lib_a-__atexit.o)
                0x08005848                __register_exitproc
 .text.quorem   0x0800590c      0x128 c:/program files (x86)/gnu tools arm embedded/6 2017-q2-update/bin/../lib/gcc/arm-none-eabi/6.3.1/../../../../arm-none-eabi/lib/thumb/v7-m\libg.a(lib_a-dtoa.o)
 *fill*         0x08005a34        0x4 
 .text._dtoa_r  0x08005a38      0xe44 c:/program files (x86)/gnu tools arm embedded/6 2017-q2-update/bin/../lib/gcc/arm-none-eabi/6.3.1/../../../../arm-none-eabi/lib/thumb/v7-m\libg.a(lib_a-dtoa.o)
                0x08005a38                _dtoa_r
 .text._localeconv_r
                0x0800687c       0x1c c:/program files (x86)/gnu tools arm embedded/6 2017-q2-update/bin/../lib/gcc/arm-none-eabi/6.3.1/../../../../arm-none-eabi/lib/thumb/v7-m\libg.a(lib_a-localeconv.o)
                0x0800687c                _localeconv_r
 .text._malloc_r
                0x08006898      0x544 c:/program files (x86)/gnu tools arm embedded/6 2017-q2-update/bin/../lib/gcc/arm-none-eabi/6.3.1/../../../../arm-none-eabi/lib/thumb/v7-m\libg.a(lib_a-mallocr.o)
                0x08006898                _malloc_r
 .text.memchr   0x08006ddc       0x8c c:/program files (x86)/gnu tools arm embedded/6 2017-q2-update/bin/../lib/gcc/arm-none-eabi/6.3.1/../../../../arm-none-eabi/lib/thumb/v7-m\libg.a(lib_a-memchr-stub.o)
                0x08006ddc                memchr
 .text.__malloc_lock
                0x08006e68        0xc c:/program files (x86)/gnu tools arm embedded/6 2017-q2-update/bin/../lib/gcc/arm-none-eabi/6.3.1/../../../../arm-none-eabi/lib/thumb/v7-m\libg.a(lib_a-mlock.o)
                0x08006e68                __malloc_lock
 .text.__malloc_unlock
                0x08006e74        0xc c:/program files (x86)/gnu tools arm embedded/6 2017-q2-update/bin/../lib/gcc/arm-none-eabi/6.3.1/../../../../arm-none-eabi/lib/thumb/v7-m\libg.a(lib_a-mlock.o)
                0x08006e74                __malloc_unlock
 .text._Balloc  0x08006e80       0x4c c:/program files (x86)/gnu tools arm embedded/6 2017-q2-update/bin/../lib/gcc/arm-none-eabi/6.3.1/../../../../arm-none-eabi/lib/thumb/v7-m\libg.a(lib_a-mprec.o)
                0x08006e80                _Balloc
 .text._Bfree   0x08006ecc       0x14 c:/program files (x86)/gnu tools arm embedded/6 2017-q2-update/bin/../lib/gcc/arm-none-eabi/6.3.1/../../../../arm-none-eabi/lib/thumb/v7-m\libg.a(lib_a-mprec.o)
                0x08006ecc                _Bfree
 .text.__multadd
                0x08006ee0       0x84 c:/program files (x86)/gnu tools arm embedded/6 2017-q2-update/bin/../lib/gcc/arm-none-eabi/6.3.1/../../../../arm-none-eabi/lib/thumb/v7-m\libg.a(lib_a-mprec.o)
                0x08006ee0                __multadd
 .text.__hi0bits
                0x08006f64       0x40 c:/program files (x86)/gnu tools arm embedded/6 2017-q2-update/bin/../lib/gcc/arm-none-eabi/6.3.1/../../../../arm-none-eabi/lib/thumb/v7-m\libg.a(lib_a-mprec.o)
                0x08006f64                __hi0bits
 .text.__lo0bits
                0x08006fa4       0x60 c:/program files (x86)/gnu tools arm embedded/6 2017-q2-update/bin/../lib/gcc/arm-none-eabi/6.3.1/../../../../arm-none-eabi/lib/thumb/v7-m\libg.a(lib_a-mprec.o)
                0x08006fa4                __lo0bits
 .text.__i2b    0x08007004       0x14 c:/program files (x86)/gnu tools arm embedded/6 2017-q2-update/bin/../lib/gcc/arm-none-eabi/6.3.1/../../../../arm-none-eabi/lib/thumb/v7-m\libg.a(lib_a-mprec.o)
                0x08007004                __i2b
 .text.__multiply
                0x08007018      0x124 c:/program files (x86)/gnu tools arm embedded/6 2017-q2-update/bin/../lib/gcc/arm-none-eabi/6.3.1/../../../../arm-none-eabi/lib/thumb/v7-m\libg.a(lib_a-mprec.o)
                0x08007018                __multiply
 .text.__pow5mult
                0x0800713c       0xa0 c:/program files (x86)/gnu tools arm embedded/6 2017-q2-update/bin/../lib/gcc/arm-none-eabi/6.3.1/../../../../arm-none-eabi/lib/thumb/v7-m\libg.a(lib_a-mprec.o)
                0x0800713c                __pow5mult
 .text.__lshift
                0x080071dc       0xa0 c:/program files (x86)/gnu tools arm embedded/6 2017-q2-update/bin/../lib/gcc/arm-none-eabi/6.3.1/../../../../arm-none-eabi/lib/thumb/v7-m\libg.a(lib_a-mprec.o)
                0x080071dc                __lshift
 .text.__mcmp   0x0800727c       0x38 c:/program files (x86)/gnu tools arm embedded/6 2017-q2-update/bin/../lib/gcc/arm-none-eabi/6.3.1/../../../../arm-none-eabi/lib/thumb/v7-m\libg.a(lib_a-mprec.o)
                0x0800727c                __mcmp
 .text.__mdiff  0x080072b4      0x11c c:/program files (x86)/gnu tools arm embedded/6 2017-q2-update/bin/../lib/gcc/arm-none-eabi/6.3.1/../../../../arm-none-eabi/lib/thumb/v7-m\libg.a(lib_a-mprec.o)
                0x080072b4                __mdiff
 .text.__d2b    0x080073d0       0xa8 c:/program files (x86)/gnu tools arm embedded/6 2017-q2-update/bin/../lib/gcc/arm-none-eabi/6.3.1/../../../../arm-none-eabi/lib/thumb/v7-m\libg.a(lib_a-mprec.o)
                0x080073d0                __d2b
 .text._sbrk_r  0x08007478       0x24 c:/program files (x86)/gnu tools arm embedded/6 2017-q2-update/bin/../lib/gcc/arm-none-eabi/6.3.1/../../../../arm-none-eabi/lib/thumb/v7-m\libg.a(lib_a-sbrkr.o)
                0x08007478                _sbrk_r
 .text.strlen   0x0800749c       0x5c c:/program files (x86)/gnu tools arm embedded/6 2017-q2-update/bin/../lib/gcc/arm-none-eabi/6.3.1/../../../../arm-none-eabi/lib/thumb/v7-m\libg.a(lib_a-strlen-stub.o)
                0x0800749c                strlen
 .text.__ssprint_r
                0x080074f8       0xfc c:/program files (x86)/gnu tools arm embedded/6 2017-q2-update/bin/../lib/gcc/arm-none-eabi/6.3.1/../../../../arm-none-eabi/lib/thumb/v7-m\libg.a(lib_a-svfiprintf.o)
                0x080074f8                __ssprint_r
 .text._calloc_r
                0x080075f4       0x60 c:/program files (x86)/gnu tools arm embedded/6 2017-q2-update/bin/../lib/gcc/arm-none-eabi/6.3.1/../../../../arm-none-eabi/lib/thumb/v7-m\libg.a(lib_a-callocr.o)
                0x080075f4                _calloc_r
 .text._malloc_trim_r
                0x08007654       0xa0 c:/program files (x86)/gnu tools arm embedded/6 2017-q2-update/bin/../lib/gcc/arm-none-eabi/6.3.1/../../../../arm-none-eabi/lib/thumb/v7-m\libg.a(lib_a-freer.o)
                0x08007654                _malloc_trim_r
 .text._free_r  0x080076f4      0x1cc c:/program files (x86)/gnu tools arm embedded/6 2017-q2-update/bin/../lib/gcc/arm-none-eabi/6.3.1/../../../../arm-none-eabi/lib/thumb/v7-m\libg.a(lib_a-freer.o)
                0x080076f4                _free_r
 .text.__ascii_mbtowc
                0x080078c0       0x2c c:/program files (x86)/gnu tools arm embedded/6 2017-q2-update/bin/../lib/gcc/arm-none-eabi/6.3.1/../../../../arm-none-eabi/lib/thumb/v7-m\libg.a(lib_a-mbtowc_r.o)
                0x080078c0                __ascii_mbtowc
 .text.memmove  0x080078ec       0xc8 c:/program files (x86)/gnu tools arm embedded/6 2017-q2-update/bin/../lib/gcc/arm-none-eabi/6.3.1/../../../../arm-none-eabi/lib/thumb/v7-m\libg.a(lib_a-memmove.o)
                0x080078ec                memmove
 .text._realloc_r
                0x080079b4      0x36c c:/program files (x86)/gnu tools arm embedded/6 2017-q2-update/bin/../lib/gcc/arm-none-eabi/6.3.1/../../../../arm-none-eabi/lib/thumb/v7-m\libg.a(lib_a-reallocr.o)
                0x080079b4                _realloc_r
 .text.__ascii_wctomb
                0x08007d20       0x18 c:/program files (x86)/gnu tools arm embedded/6 2017-q2-update/bin/../lib/gcc/arm-none-eabi/6.3.1/../../../../arm-none-eabi/lib/thumb/v7-m\libg.a(lib_a-wctomb_r.o)
                0x08007d20                __ascii_wctomb
 .text          0x08007d38      0x110 c:/program files (x86)/gnu tools arm embedded/6 2017-q2-update/bin/../lib/gcc/arm-none-eabi/6.3.1/thumb/v7-m\libgcc.a(_arm_cmpdf2.o)
                0x08007d38                __gtdf2
                0x08007d38                __gedf2
                0x08007d40                __ltdf2
                0x08007d40                __ledf2
                0x08007d48                __nedf2
                0x08007d48                __eqdf2
                0x08007d48                __cmpdf2
                0x08007dc4                __aeabi_cdrcmple
                0x08007dd4                __aeabi_cdcmpeq
                0x08007dd4                __aeabi_cdcmple
                0x08007de4                __aeabi_dcmpeq
                0x08007df8                __aeabi_dcmplt
                0x08007e0c                __aeabi_dcmple
                0x08007e20                __aeabi_dcmpge
                0x08007e34                __aeabi_dcmpgt
 .text          0x08007e48       0x2c c:/program files (x86)/gnu tools arm embedded/6 2017-q2-update/bin/../lib/gcc/arm-none-eabi/6.3.1/thumb/v7-m\libgcc.a(_arm_unorddf2.o)
                0x08007e48                __unorddf2
                0x08007e48                __aeabi_dcmpun
 .text          0x08007e74       0x50 c:/program files (x86)/gnu tools arm embedded/6 2017-q2-update/bin/../lib/gcc/arm-none-eabi/6.3.1/thumb/v7-m\libgcc.a(_arm_fixdfsi.o)
                0x08007e74                __aeabi_d2iz
                0x08007e74                __fixdfsi
 .text          0x08007ec4       0x30 c:/program files (x86)/gnu tools arm embedded/6 2017-q2-update/bin/../lib/gcc/arm-none-eabi/6.3.1/thumb/v7-m\libgcc.a(_aeabi_uldivmod.o)
                0x08007ec4                __aeabi_uldivmod
 .text          0x08007ef4      0x2dc c:/program files (x86)/gnu tools arm embedded/6 2017-q2-update/bin/../lib/gcc/arm-none-eabi/6.3.1/thumb/v7-m\libgcc.a(_udivmoddi4.o)
                0x08007ef4                __udivmoddi4
 .text          0x080081d0        0x4 c:/program files (x86)/gnu tools arm embedded/6 2017-q2-update/bin/../lib/gcc/arm-none-eabi/6.3.1/thumb/v7-m\libgcc.a(_dvmd_tls.o)
                0x080081d0                __aeabi_idiv0
                0x080081d0                __aeabi_ldiv0
 *(.init)
 .init          0x080081d4        0x4 c:/program files (x86)/gnu tools arm embedded/6 2017-q2-update/bin/../lib/gcc/arm-none-eabi/6.3.1/thumb/v7-m/crti.o
                0x080081d4                _init
 .init          0x080081d8        0x8 c:/program files (x86)/gnu tools arm embedded/6 2017-q2-update/bin/../lib/gcc/arm-none-eabi/6.3.1/thumb/v7-m/crtn.o
 *(.fini)
 .fini          0x080081e0        0x4 c:/program files (x86)/gnu tools arm embedded/6 2017-q2-update/bin/../lib/gcc/arm-none-eabi/6.3.1/thumb/v7-m/crti.o
                0x080081e0                _fini
 .fini          0x080081e4        0x8 c:/program files (x86)/gnu tools arm embedded/6 2017-q2-update/bin/../lib/gcc/arm-none-eabi/6.3.1/thumb/v7-m/crtn.o
 *crtbegin.o(.ctors)
 *crtbegin?.o(.ctors)
 *(EXCLUDE_FILE(*crtend.o *crtend?.o) .ctors)
 *(SORT(.ctors.*))
 *(.ctors)
 *crtbegin.o(.dtors)
 *crtbegin?.o(.dtors)
 *(EXCLUDE_FILE(*crtend.o *crtend?.o) .dtors)
 *(SORT(.dtors.*))
 *(.dtors)
 *(.rodata*)
 .rodata        0x080081ec        0x9 ..\obj\main.o
 *fill*         0x080081f5        0x3 
 .rodata._global_impure_ptr
                0x080081f8        0x4 c:/program files (x86)/gnu tools arm embedded/6 2017-q2-update/bin/../lib/gcc/arm-none-eabi/6.3.1/../../../../arm-none-eabi/lib/thumb/v7-m\libg.a(lib_a-impure.o)
                0x080081f8                _global_impure_ptr
 .rodata._svfprintf_r.str1.4
                0x080081fc       0x42 c:/program files (x86)/gnu tools arm embedded/6 2017-q2-update/bin/../lib/gcc/arm-none-eabi/6.3.1/../../../../arm-none-eabi/lib/thumb/v7-m\libg.a(lib_a-svfprintf.o)
 *fill*         0x0800823e        0x2 
 .rodata.blanks.7223
                0x08008240       0x10 c:/program files (x86)/gnu tools arm embedded/6 2017-q2-update/bin/../lib/gcc/arm-none-eabi/6.3.1/../../../../arm-none-eabi/lib/thumb/v7-m\libg.a(lib_a-svfprintf.o)
 .rodata.zeroes.7224
                0x08008250       0x10 c:/program files (x86)/gnu tools arm embedded/6 2017-q2-update/bin/../lib/gcc/arm-none-eabi/6.3.1/../../../../arm-none-eabi/lib/thumb/v7-m\libg.a(lib_a-svfprintf.o)
 .rodata._dtoa_r.str1.4
                0x08008260       0x10 c:/program files (x86)/gnu tools arm embedded/6 2017-q2-update/bin/../lib/gcc/arm-none-eabi/6.3.1/../../../../arm-none-eabi/lib/thumb/v7-m\libg.a(lib_a-dtoa.o)
                                 0x12 (size before relaxing)
 .rodata.__mprec_bigtens
                0x08008270       0x28 c:/program files (x86)/gnu tools arm embedded/6 2017-q2-update/bin/../lib/gcc/arm-none-eabi/6.3.1/../../../../arm-none-eabi/lib/thumb/v7-m\libg.a(lib_a-mprec.o)
                0x08008270                __mprec_bigtens
 .rodata.__mprec_tens
                0x08008298       0xc8 c:/program files (x86)/gnu tools arm embedded/6 2017-q2-update/bin/../lib/gcc/arm-none-eabi/6.3.1/../../../../arm-none-eabi/lib/thumb/v7-m\libg.a(lib_a-mprec.o)
                0x08008298                __mprec_tens
 .rodata.p05.6055
                0x08008360        0xc c:/program files (x86)/gnu tools arm embedded/6 2017-q2-update/bin/../lib/gcc/arm-none-eabi/6.3.1/../../../../arm-none-eabi/lib/thumb/v7-m\libg.a(lib_a-mprec.o)
 .rodata._setlocale_r.str1.4
                0x0800836c        0xa c:/program files (x86)/gnu tools arm embedded/6 2017-q2-update/bin/../lib/gcc/arm-none-eabi/6.3.1/../../../../arm-none-eabi/lib/thumb/v7-m\libg.a(lib_a-locale.o)
                                  0xd (size before relaxing)
 *fill*         0x08008376        0x2 
 .rodata.str1.4
                0x08008378        0x4 c:/program files (x86)/gnu tools arm embedded/6 2017-q2-update/bin/../lib/gcc/arm-none-eabi/6.3.1/../../../../arm-none-eabi/lib/thumb/v7-m\libg.a(lib_a-locale.o)
                                  0x2 (size before relaxing)
 .rodata._ctype_
                0x0800837c      0x101 c:/program files (x86)/gnu tools arm embedded/6 2017-q2-update/bin/../lib/gcc/arm-none-eabi/6.3.1/../../../../arm-none-eabi/lib/thumb/v7-m\libg.a(lib_a-ctype_.o)
                0x0800837c                _ctype_
 *(.eh_fram e*)

.glue_7         0x08008480        0x0
 .glue_7        0x08008480        0x0 linker stubs

.glue_7t        0x08008480        0x0
 .glue_7t       0x08008480        0x0 linker stubs

.vfp11_veneer   0x08008480        0x0
 .vfp11_veneer  0x08008480        0x0 linker stubs

.v4_bx          0x08008480        0x0
 .v4_bx         0x08008480        0x0 linker stubs

.iplt           0x08008480        0x0
 .iplt          0x08008480        0x0 c:/program files (x86)/gnu tools arm embedded/6 2017-q2-update/bin/../lib/gcc/arm-none-eabi/6.3.1/thumb/v7-m/crtbegin.o

.ARM.extab      0x08008480       0xd0
 *(.ARM.extab* .gnu.linkonce.armextab.*)
 .ARM.extab.text._ZN3Pwm5setupEv
                0x08008480        0xc ..\obj\pwm.o
 .ARM.extab.text._ZN3Pwm9configPwmEv
                0x0800848c        0xc ..\obj\pwm.o
 .ARM.extab.text.main
                0x08008498        0xc ..\obj\main.o
 .ARM.extab.text._Z12setupSysTimev
                0x080084a4        0xc ..\obj\system.o
 .ARM.extab.text._ZN10RingBufferI8CanTxMsgLi256EEC2Ev
                0x080084b0        0x0 ..\obj\can.o
 .ARM.extab.text._ZN4Gpio5setupEv
                0x080084b0        0xc ..\obj\gpio.o
 .ARM.extab.text._ZN4Gpio6toggleEv
                0x080084bc        0xc ..\obj\gpio.o
 .ARM.extab.text._ZN4Gpio8gpioHighEv
                0x080084c8        0xc ..\obj\gpio.o
 .ARM.extab.text._ZN4Gpio7gpioLowEv
                0x080084d4        0xc ..\obj\gpio.o
 .ARM.extab.text._ZN4Gpio9readStateEv
                0x080084e0        0xc ..\obj\gpio.o
 .ARM.extab.text._ZN4Gpio10configGpioEv
                0x080084ec        0xc ..\obj\gpio.o
 .ARM.extab.text._ZN5Usart5setupEv
                0x080084f8        0xc ..\obj\usart.o
 .ARM.extab.text._ZN5Usart6printfEPKcz
                0x08008504       0x10 ..\obj\usart.o
 .ARM.extab.text._ZN5Usart11configUsartEv
                0x08008514        0xc ..\obj\usart.o
 .ARM.extab.text._Z16usartRxInterruptP13USART_TypeDef
                0x08008520        0xc ..\obj\usart.o
 .ARM.extab.text._Z13usartTransmitP13USART_TypeDefc
                0x0800852c        0xc ..\obj\usart.o
 .ARM.extab.text._ZN10RingBufferIcLi256EEC2Ev
                0x08008538        0x0 ..\obj\usart.o
 .ARM.extab.text._ZN10RingBufferIcLi256EE7isEmptyEv
                0x08008538        0x0 ..\obj\usart.o
 .ARM.extab.text._ZN10RingBufferIcLi256EE4readEv
                0x08008538        0x0 ..\obj\usart.o
 .ARM.extab.text._ZN10RingBufferIcLi256EE5writeEc
                0x08008538        0x0 ..\obj\usart.o
 .ARM.extab     0x08008538       0x18 c:/program files (x86)/gnu tools arm embedded/6 2017-q2-update/bin/../lib/gcc/arm-none-eabi/6.3.1/thumb/v7-m\libgcc.a(pr-support.o)
                0x08008550                __exidx_start = .

.eh_frame       0x08008550        0x0
 .eh_frame      0x08008550        0x0 c:/program files (x86)/gnu tools arm embedded/6 2017-q2-update/bin/../lib/gcc/arm-none-eabi/6.3.1/thumb/v7-m/crtbegin.o

.ARM.exidx      0x08008550      0x178
 *(.ARM.exidx* .gnu.linkonce.armexidx.*)
 .ARM.exidx.text.SysTick_Handler
                0x08008550        0x8 ..\obj\handler.o
 .ARM.exidx.text.USART1_IRQHandler
                0x08008558        0x0 ..\obj\handler.o
                                  0x8 (size before relaxing)
 .ARM.exidx.text.USART2_IRQHandler
                0x08008558        0x0 ..\obj\handler.o
                                  0x8 (size before relaxing)
 .ARM.exidx.text.USART3_IRQHandler
                0x08008558        0x8 ..\obj\handler.o
 .ARM.exidx.text._ZN3Pwm4initEv
                0x08008560        0x0 ..\obj\pwm.o
                                  0x8 (size before relaxing)
 .ARM.exidx.text._ZN3PwmC2Ev
                0x08008560        0x0 ..\obj\pwm.o
                                  0x8 (size before relaxing)
 .ARM.exidx.text._ZN3Pwm3setEP12GPIO_TypeDeftP11TIM_TypeDefttt
                0x08008560        0x0 ..\obj\pwm.o
                                  0x8 (size before relaxing)
 .ARM.exidx.text._ZN3Pwm5setupEv
                0x08008560        0x8 ..\obj\pwm.o
 .ARM.exidx.text._ZN3Pwm4dutyEf
                0x08008568        0x8 ..\obj\pwm.o
 .ARM.exidx.text._ZN3Pwm9configPwmEv
                0x08008570       0x10 ..\obj\pwm.o
                                  0x8 (size before relaxing)
 .ARM.exidx.text._Z5setupv
                0x08008580        0x8 ..\obj\main.o
 .ARM.exidx.text.main
                0x08008588        0x8 ..\obj\main.o
 .ARM.exidx.text._Z41__static_initialization_and_destruction_0ii
                0x08008590        0x8 ..\obj\main.o
 .ARM.exidx.text._GLOBAL__sub_I_led0
                0x08008598        0x0 ..\obj\main.o
                                  0x8 (size before relaxing)
 .ARM.exidx.text.NVIC_SetPriority
                0x08008598        0x0 ..\obj\system.o
                                  0x8 (size before relaxing)
 .ARM.exidx.text.SysTick_Config
                0x08008598        0x0 ..\obj\system.o
                                  0x8 (size before relaxing)
 .ARM.exidx.text._Z12setupSysTimev
                0x08008598        0x8 ..\obj\system.o
 .ARM.exidx.text._Z6millisv
                0x080085a0        0x8 ..\obj\system.o
 .ARM.exidx.text._Z19sysTickTimInterruptv
                0x080085a8        0x0 ..\obj\system.o
                                  0x8 (size before relaxing)
 .ARM.exidx.text._ZN10RingBufferI8CanTxMsgLi256EEC2Ev
                0x080085a8        0x0 ..\obj\can.o
                                  0x8 (size before relaxing)
 .ARM.exidx.text._Z41__static_initialization_and_destruction_0ii
                0x080085a8        0x0 ..\obj\can.o
                                  0x8 (size before relaxing)
 .ARM.exidx.text._GLOBAL__sub_I__ZN3Can6filterE
                0x080085a8        0x0 ..\obj\can.o
                                  0x8 (size before relaxing)
 .ARM.exidx.text._ZN4Gpio4initEv
                0x080085a8        0x0 ..\obj\gpio.o
                                  0x8 (size before relaxing)
 .ARM.exidx.text._ZN4GpioC2Ev
                0x080085a8        0x0 ..\obj\gpio.o
                                  0x8 (size before relaxing)
 .ARM.exidx.text._ZN4Gpio3setEP12GPIO_TypeDeft16GPIOMode_TypeDef
                0x080085a8        0x0 ..\obj\gpio.o
                                  0x8 (size before relaxing)
 .ARM.exidx.text._ZN4Gpio5setupEv
                0x080085a8        0x8 ..\obj\gpio.o
 .ARM.exidx.text._ZN4Gpio6toggleEv
                0x080085b0        0x8 ..\obj\gpio.o
 .ARM.exidx.text._ZN4Gpio8gpioHighEv
                0x080085b8        0x8 ..\obj\gpio.o
 .ARM.exidx.text._ZN4Gpio7gpioLowEv
                0x080085c0        0x8 ..\obj\gpio.o
 .ARM.exidx.text._ZN4Gpio9readStateEv
                0x080085c8        0x8 ..\obj\gpio.o
 .ARM.exidx.text._ZN4Gpio10configGpioEv
                0x080085d0       0x10 ..\obj\gpio.o
                                  0x8 (size before relaxing)
 .ARM.exidx.text._ZN5Usart4initEv
                0x080085e0        0x0 ..\obj\usart.o
                                  0x8 (size before relaxing)
 .ARM.exidx.text._ZN5UsartC2Ev
                0x080085e0        0x0 ..\obj\usart.o
                                  0x8 (size before relaxing)
 .ARM.exidx.text._ZN5Usart3setEP12GPIO_TypeDeftS1_tP13USART_TypeDefm
                0x080085e0        0x0 ..\obj\usart.o
                                  0x8 (size before relaxing)
 .ARM.exidx.text._ZN5Usart5setupEv
                0x080085e0        0x8 ..\obj\usart.o
 .ARM.exidx.text._ZN5Usart6printfEPKcz
                0x080085e8        0x8 ..\obj\usart.o
 .ARM.exidx.text._ZN5Usart11configUsartEv
                0x080085f0        0x8 ..\obj\usart.o
 .ARM.exidx.text._Z17usart1TxInterruptv
                0x080085f8        0x8 ..\obj\usart.o
 .ARM.exidx.text._Z17usart2TxInterruptv
                0x08008600        0x0 ..\obj\usart.o
                                  0x8 (size before relaxing)
 .ARM.exidx.text._Z17usart3TxInterruptv
                0x08008600        0x0 ..\obj\usart.o
                                  0x8 (size before relaxing)
 .ARM.exidx.text._Z16usartRxInterruptP13USART_TypeDef
                0x08008600        0x8 ..\obj\usart.o
 .ARM.exidx.text._Z13usartTransmitP13USART_TypeDefc
                0x08008608        0x8 ..\obj\usart.o
 .ARM.exidx.text._ZN10RingBufferIcLi256EEC2Ev
                0x08008610        0x8 ..\obj\usart.o
 .ARM.exidx.text._ZN10RingBufferIcLi256EE7isEmptyEv
                0x08008618        0x0 ..\obj\usart.o
                                  0x8 (size before relaxing)
 .ARM.exidx.text._ZN10RingBufferIcLi256EE4readEv
                0x08008618        0x0 ..\obj\usart.o
                                  0x8 (size before relaxing)
 .ARM.exidx.text._ZN10RingBufferIcLi256EE5writeEc
                0x08008618        0x0 ..\obj\usart.o
                                  0x8 (size before relaxing)
 .ARM.exidx     0x08008618       0x78 c:/program files (x86)/gnu tools arm embedded/6 2017-q2-update/bin/../lib/gcc/arm-none-eabi/6.3.1/thumb/v7-m\libgcc.a(unwind-arm.o)
                                 0xd8 (size before relaxing)
 .ARM.exidx     0x08008690       0x38 c:/program files (x86)/gnu tools arm embedded/6 2017-q2-update/bin/../lib/gcc/arm-none-eabi/6.3.1/thumb/v7-m\libgcc.a(pr-support.o)
                                 0x48 (size before relaxing)
 .ARM.exidx     0x080086c8        0x0 c:/program files (x86)/gnu tools arm embedded/6 2017-q2-update/bin/../lib/gcc/arm-none-eabi/6.3.1/thumb/v7-m\libgcc.a(_udivmoddi4.o)
                                  0x8 (size before relaxing)
                0x080086c8                __exidx_end = .
                0x080086c8                __etext = .
                0x080086c8                _sidata = __etext

.rel.dyn        0x080086c8        0x0
 .rel.iplt      0x080086c8        0x0 c:/program files (x86)/gnu tools arm embedded/6 2017-q2-update/bin/../lib/gcc/arm-none-eabi/6.3.1/thumb/v7-m/crtbegin.o

.data           0x20000000      0x9d8 load address 0x080086c8
                0x20000000                __data_start__ = .
                0x20000000                _sdata = __data_start__
 *(vtable)
 *(.data*)
 .data          0x20000000       0x14 ..\obj\stm32f10x_rcc.o
 .data._impure_ptr
                0x20000014        0x4 c:/program files (x86)/gnu tools arm embedded/6 2017-q2-update/bin/../lib/gcc/arm-none-eabi/6.3.1/../../../../arm-none-eabi/lib/thumb/v7-m\libg.a(lib_a-impure.o)
                0x20000014                _impure_ptr
 .data.impure_data
                0x20000018      0x428 c:/program files (x86)/gnu tools arm embedded/6 2017-q2-update/bin/../lib/gcc/arm-none-eabi/6.3.1/../../../../arm-none-eabi/lib/thumb/v7-m\libg.a(lib_a-impure.o)
 .data.__atexit_recursive_mutex
                0x20000440        0x4 c:/program files (x86)/gnu tools arm embedded/6 2017-q2-update/bin/../lib/gcc/arm-none-eabi/6.3.1/../../../../arm-none-eabi/lib/thumb/v7-m\libg.a(lib_a-__call_atexit.o)
                0x20000440                __atexit_recursive_mutex
 .data.__malloc_av_
                0x20000444      0x408 c:/program files (x86)/gnu tools arm embedded/6 2017-q2-update/bin/../lib/gcc/arm-none-eabi/6.3.1/../../../../arm-none-eabi/lib/thumb/v7-m\libg.a(lib_a-mallocr.o)
                0x20000444                __malloc_av_
 .data.__malloc_sbrk_base
                0x2000084c        0x4 c:/program files (x86)/gnu tools arm embedded/6 2017-q2-update/bin/../lib/gcc/arm-none-eabi/6.3.1/../../../../arm-none-eabi/lib/thumb/v7-m\libg.a(lib_a-mallocr.o)
                0x2000084c                __malloc_sbrk_base
 .data.__malloc_trim_threshold
                0x20000850        0x4 c:/program files (x86)/gnu tools arm embedded/6 2017-q2-update/bin/../lib/gcc/arm-none-eabi/6.3.1/../../../../arm-none-eabi/lib/thumb/v7-m\libg.a(lib_a-mallocr.o)
                0x20000850                __malloc_trim_threshold
 .data.__global_locale
                0x20000854      0x16c c:/program files (x86)/gnu tools arm embedded/6 2017-q2-update/bin/../lib/gcc/arm-none-eabi/6.3.1/../../../../arm-none-eabi/lib/thumb/v7-m\libg.a(lib_a-locale.o)
                0x20000854                __global_locale
                0x200009c0                . = ALIGN (0x4)
                0x200009c0                PROVIDE (__preinit_array_start, .)
 *(.preinit_array)
                0x200009c0                PROVIDE (__preinit_array_end, .)
                0x200009c0                . = ALIGN (0x4)
                0x200009c0                PROVIDE (__init_array_start, .)
 *(SORT(.init_array.*))
 .init_array.00000
                0x200009c0        0x4 c:/program files (x86)/gnu tools arm embedded/6 2017-q2-update/bin/../lib/gcc/arm-none-eabi/6.3.1/../../../../arm-none-eabi/lib/thumb/v7-m\libg.a(lib_a-__call_atexit.o)
 *(.init_array)
 .init_array    0x200009c4        0x4 c:/program files (x86)/gnu tools arm embedded/6 2017-q2-update/bin/../lib/gcc/arm-none-eabi/6.3.1/thumb/v7-m/crtbegin.o
 .init_array    0x200009c8        0x4 ..\obj\main.o
 .init_array    0x200009cc        0x4 ..\obj\can.o
                0x200009d0                PROVIDE (__init_array_end, .)
                0x200009d0                . = ALIGN (0x4)
                0x200009d0                PROVIDE (__fini_array_start, .)
 *(SORT(.fini_array.*))
 *(.fini_array)
 .fini_array    0x200009d0        0x4 c:/program files (x86)/gnu tools arm embedded/6 2017-q2-update/bin/../lib/gcc/arm-none-eabi/6.3.1/thumb/v7-m/crtbegin.o
                0x200009d4                PROVIDE (__fini_array_end, .)
 *(.jcr*)
 .jcr           0x200009d4        0x0 c:/program files (x86)/gnu tools arm embedded/6 2017-q2-update/bin/../lib/gcc/arm-none-eabi/6.3.1/thumb/v7-m/crtbegin.o
 .jcr           0x200009d4        0x4 c:/program files (x86)/gnu tools arm embedded/6 2017-q2-update/bin/../lib/gcc/arm-none-eabi/6.3.1/thumb/v7-m/crtend.o
                0x200009d8                . = ALIGN (0x4)
                0x200009d8                __data_end__ = .
                0x200009d8                _edata = __data_end__

.igot.plt       0x200009d8        0x0 load address 0x080090a0
 .igot.plt      0x200009d8        0x0 c:/program files (x86)/gnu tools arm embedded/6 2017-q2-update/bin/../lib/gcc/arm-none-eabi/6.3.1/thumb/v7-m/crtbegin.o

.bss            0x200009d8     0x18fc load address 0x080090a0
                0x200009d8                . = ALIGN (0x4)
                0x200009d8                __bss_start__ = .
                0x200009d8                _sbss = __bss_start__
 *(.bss*)
 .bss           0x200009d8       0x1c c:/program files (x86)/gnu tools arm embedded/6 2017-q2-update/bin/../lib/gcc/arm-none-eabi/6.3.1/thumb/v7-m/crtbegin.o
 .bss           0x200009f4      0x260 ..\obj\main.o
                0x200009f4                led0
                0x20000a00                pwm0
                0x20000a20                s
 .bss           0x20000c54       0x18 ..\obj\system.o
 .bss           0x20000c6c     0x1585 ..\obj\can.o
                0x20000c6c                Can::filter
                0x20000cd4                Can::filterNum
 *fill*         0x200021f1        0x3 
 .bss           0x200021f4        0x4 ..\obj\syscalls.o
 .bss           0x200021f8       0x80 ..\obj\usart.o
 .bss.__malloc_current_mallinfo
                0x20002278       0x28 c:/program files (x86)/gnu tools arm embedded/6 2017-q2-update/bin/../lib/gcc/arm-none-eabi/6.3.1/../../../../arm-none-eabi/lib/thumb/v7-m\libg.a(lib_a-mallocr.o)
                0x20002278                __malloc_current_mallinfo
 .bss.__malloc_max_sbrked_mem
                0x200022a0        0x4 c:/program files (x86)/gnu tools arm embedded/6 2017-q2-update/bin/../lib/gcc/arm-none-eabi/6.3.1/../../../../arm-none-eabi/lib/thumb/v7-m\libg.a(lib_a-mallocr.o)
                0x200022a0                __malloc_max_sbrked_mem
 .bss.__malloc_max_total_mem
                0x200022a4        0x4 c:/program files (x86)/gnu tools arm embedded/6 2017-q2-update/bin/../lib/gcc/arm-none-eabi/6.3.1/../../../../arm-none-eabi/lib/thumb/v7-m\libg.a(lib_a-mallocr.o)
                0x200022a4                __malloc_max_total_mem
 .bss.__malloc_top_pad
                0x200022a8        0x4 c:/program files (x86)/gnu tools arm embedded/6 2017-q2-update/bin/../lib/gcc/arm-none-eabi/6.3.1/../../../../arm-none-eabi/lib/thumb/v7-m\libg.a(lib_a-mallocr.o)
                0x200022a8                __malloc_top_pad
 *(COMMON)
 COMMON         0x200022ac       0x21 c:/program files (x86)/gnu tools arm embedded/6 2017-q2-update/bin/../lib/gcc/arm-none-eabi/6.3.1/../../../../arm-none-eabi/lib/thumb/v7-m\libg.a(lib_a-lock.o)
                0x200022ac                __lock___atexit_recursive_mutex
                0x200022b0                __lock___arc4random_mutex
                0x200022b4                __lock___env_recursive_mutex
                0x200022b8                __lock___sinit_recursive_mutex
                0x200022bc                __lock___malloc_recursive_mutex
                0x200022c0                __lock___at_quick_exit_mutex
                0x200022c4                __lock___dd_hash_mutex
                0x200022c8                __lock___tz_mutex
                0x200022cc                __lock___sfp_recursive_mutex
 *fill*         0x200022cd        0x3 
 COMMON         0x200022d0        0x4 c:/program files (x86)/gnu tools arm embedded/6 2017-q2-update/bin/../lib/gcc/arm-none-eabi/6.3.1/../../../../arm-none-eabi/lib/thumb/v7-m\libg.a(lib_a-reent.o)
                0x200022d0                errno
                0x200022d4                . = ALIGN (0x4)
                0x200022d4                __bss_end__ = .
                0x200022d4                _ebss = __bss_end__

.heap           0x200022d4        0x0
                0x200022d4                __end__ = .
                0x200022d4                _end = __end__
                0x200022d4                end = __end__
 *(.heap*)
                0x200022d4                __HeapLimit = .

.co_stack       0x200022d4      0x404 load address 0x0800a99c
                0x200022d8                . = ALIGN (0x8)
 *fill*         0x200022d4        0x4 
 *(.co_stack .co_stack.*)
 .co_stack      0x200022d8      0x400 ..\obj\startup_stm32f10x_md.o
                0x200022d8                pulStack
                0x20005000                __StackTop = (ORIGIN (ram) + LENGTH (ram))
                0x20004bfc                __StackLimit = (__StackTop - SIZEOF (.co_stack))
                0x20005000                PROVIDE (__stack, __StackTop)
                0x00000001                ASSERT ((__StackLimit >= __HeapLimit), region ram  overflowed with stack)
LOAD ..\obj\handler.o
LOAD ..\obj\stm32f10x_tim.o
LOAD ..\obj\util.o
LOAD ..\obj\system_stm32f10x.o
LOAD ..\obj\utilplus.o
LOAD ..\obj\tim.o
LOAD ..\obj\pwm.o
LOAD ..\obj\startup_stm32f10x_md.o
LOAD ..\obj\stm32f10x_can.o
LOAD ..\obj\stm32f10x_gpio.o
LOAD ..\obj\main.o
LOAD ..\obj\system.o
LOAD ..\obj\can.o
LOAD ..\obj\stm32f10x_rcc.o
LOAD ..\obj\gpio.o
LOAD ..\obj\stm32f10x_exti.o
LOAD ..\obj\stm32f10x_adc.o
LOAD ..\obj\stm32f10x_usart.o
LOAD ..\obj\syscalls.o
LOAD ..\obj\adc.o
LOAD ..\obj\enc.o
LOAD ..\obj\stm32f10x_dma.o
LOAD ..\obj\misc.o
LOAD ..\obj\stm32f10x_spi.o
LOAD ..\obj\stm32f10x_i2c.o
LOAD ..\obj\usart.o
LOAD c:/program files (x86)/gnu tools arm embedded/6 2017-q2-update/bin/../lib/gcc/arm-none-eabi/6.3.1/../../../../arm-none-eabi/lib/thumb/v7-m\libstdc++.a
START GROUP
LOAD c:/program files (x86)/gnu tools arm embedded/6 2017-q2-update/bin/../lib/gcc/arm-none-eabi/6.3.1/thumb/v7-m\libgcc.a
LOAD c:/program files (x86)/gnu tools arm embedded/6 2017-q2-update/bin/../lib/gcc/arm-none-eabi/6.3.1/../../../../arm-none-eabi/lib/thumb/v7-m\libg.a
LOAD c:/program files (x86)/gnu tools arm embedded/6 2017-q2-update/bin/../lib/gcc/arm-none-eabi/6.3.1/../../../../arm-none-eabi/lib/thumb/v7-m\libc.a
END GROUP
LOAD c:/program files (x86)/gnu tools arm embedded/6 2017-q2-update/bin/../lib/gcc/arm-none-eabi/6.3.1/thumb/v7-m/crtend.o
LOAD c:/program files (x86)/gnu tools arm embedded/6 2017-q2-update/bin/../lib/gcc/arm-none-eabi/6.3.1/thumb/v7-m/crtn.o
OUTPUT(stm32f103.elf elf32-littlearm)

.ARM.attributes
                0x00000000       0x29
 .ARM.attributes
                0x00000000       0x1d c:/program files (x86)/gnu tools arm embedded/6 2017-q2-update/bin/../lib/gcc/arm-none-eabi/6.3.1/thumb/v7-m/crti.o
 .ARM.attributes
                0x0000001d       0x2d c:/program files (x86)/gnu tools arm embedded/6 2017-q2-update/bin/../lib/gcc/arm-none-eabi/6.3.1/thumb/v7-m/crtbegin.o
 .ARM.attributes
                0x0000004a       0x33 ..\obj\handler.o
 .ARM.attributes
                0x0000007d       0x33 ..\obj\stm32f10x_tim.o
 .ARM.attributes
                0x000000b0       0x33 ..\obj\system_stm32f10x.o
 .ARM.attributes
                0x000000e3       0x33 ..\obj\pwm.o
 .ARM.attributes
                0x00000116       0x33 ..\obj\startup_stm32f10x_md.o
 .ARM.attributes
                0x00000149       0x33 ..\obj\stm32f10x_gpio.o
 .ARM.attributes
                0x0000017c       0x33 ..\obj\main.o
 .ARM.attributes
                0x000001af       0x33 ..\obj\system.o
 .ARM.attributes
                0x000001e2       0x33 ..\obj\can.o
 .ARM.attributes
                0x00000215       0x33 ..\obj\stm32f10x_rcc.o
 .ARM.attributes
                0x00000248       0x33 ..\obj\gpio.o
 .ARM.attributes
                0x0000027b       0x33 ..\obj\stm32f10x_usart.o
 .ARM.attributes
                0x000002ae       0x33 ..\obj\syscalls.o
 .ARM.attributes
                0x000002e1       0x33 ..\obj\misc.o
 .ARM.attributes
                0x00000314       0x33 ..\obj\usart.o
 .ARM.attributes
                0x00000347       0x1d c:/program files (x86)/gnu tools arm embedded/6 2017-q2-update/bin/../lib/gcc/arm-none-eabi/6.3.1/thumb/v7-m\libgcc.a(_arm_addsubdf3.o)
 .ARM.attributes
                0x00000364       0x1d c:/program files (x86)/gnu tools arm embedded/6 2017-q2-update/bin/../lib/gcc/arm-none-eabi/6.3.1/thumb/v7-m\libgcc.a(_arm_muldivdf3.o)
 .ARM.attributes
                0x00000381       0x1d c:/program files (x86)/gnu tools arm embedded/6 2017-q2-update/bin/../lib/gcc/arm-none-eabi/6.3.1/thumb/v7-m\libgcc.a(_arm_addsubsf3.o)
 .ARM.attributes
                0x0000039e       0x1d c:/program files (x86)/gnu tools arm embedded/6 2017-q2-update/bin/../lib/gcc/arm-none-eabi/6.3.1/thumb/v7-m\libgcc.a(_arm_muldivsf3.o)
 .ARM.attributes
                0x000003bb       0x1d c:/program files (x86)/gnu tools arm embedded/6 2017-q2-update/bin/../lib/gcc/arm-none-eabi/6.3.1/thumb/v7-m\libgcc.a(_arm_cmpsf2.o)
 .ARM.attributes
                0x000003d8       0x1d c:/program files (x86)/gnu tools arm embedded/6 2017-q2-update/bin/../lib/gcc/arm-none-eabi/6.3.1/thumb/v7-m\libgcc.a(_arm_fixunssfsi.o)
 .ARM.attributes
                0x000003f5       0x2d c:/program files (x86)/gnu tools arm embedded/6 2017-q2-update/bin/../lib/gcc/arm-none-eabi/6.3.1/../../../../arm-none-eabi/lib/thumb/v7-m\libg.a(lib_a-impure.o)
 .ARM.attributes
                0x00000422       0x1b c:/program files (x86)/gnu tools arm embedded/6 2017-q2-update/bin/../lib/gcc/arm-none-eabi/6.3.1/../../../../arm-none-eabi/lib/thumb/v7-m\libg.a(lib_a-memcpy.o)
 .ARM.attributes
                0x0000043d       0x2d c:/program files (x86)/gnu tools arm embedded/6 2017-q2-update/bin/../lib/gcc/arm-none-eabi/6.3.1/../../../../arm-none-eabi/lib/thumb/v7-m\libg.a(lib_a-memset.o)
 .ARM.attributes
                0x0000046a       0x2d c:/program files (x86)/gnu tools arm embedded/6 2017-q2-update/bin/../lib/gcc/arm-none-eabi/6.3.1/../../../../arm-none-eabi/lib/thumb/v7-m\libg.a(lib_a-vsprintf.o)
 .ARM.attributes
                0x00000497       0x2d c:/program files (x86)/gnu tools arm embedded/6 2017-q2-update/bin/../lib/gcc/arm-none-eabi/6.3.1/../../../../arm-none-eabi/lib/thumb/v7-m\libg.a(lib_a-__call_atexit.o)
 .ARM.attributes
                0x000004c4       0x2d c:/program files (x86)/gnu tools arm embedded/6 2017-q2-update/bin/../lib/gcc/arm-none-eabi/6.3.1/../../../../arm-none-eabi/lib/thumb/v7-m\libg.a(lib_a-atexit.o)
 .ARM.attributes
                0x000004f1       0x2d c:/program files (x86)/gnu tools arm embedded/6 2017-q2-update/bin/../lib/gcc/arm-none-eabi/6.3.1/../../../../arm-none-eabi/lib/thumb/v7-m\libg.a(lib_a-fini.o)
 .ARM.attributes
                0x0000051e       0x2d c:/program files (x86)/gnu tools arm embedded/6 2017-q2-update/bin/../lib/gcc/arm-none-eabi/6.3.1/../../../../arm-none-eabi/lib/thumb/v7-m\libg.a(lib_a-lock.o)
 .ARM.attributes
                0x0000054b       0x2d c:/program files (x86)/gnu tools arm embedded/6 2017-q2-update/bin/../lib/gcc/arm-none-eabi/6.3.1/../../../../arm-none-eabi/lib/thumb/v7-m\libg.a(lib_a-svfprintf.o)
 .ARM.attributes
                0x00000578       0x2d c:/program files (x86)/gnu tools arm embedded/6 2017-q2-update/bin/../lib/gcc/arm-none-eabi/6.3.1/../../../../arm-none-eabi/lib/thumb/v7-m\libg.a(lib_a-__atexit.o)
 .ARM.attributes
                0x000005a5       0x2d c:/program files (x86)/gnu tools arm embedded/6 2017-q2-update/bin/../lib/gcc/arm-none-eabi/6.3.1/../../../../arm-none-eabi/lib/thumb/v7-m\libg.a(lib_a-dtoa.o)
 .ARM.attributes
                0x000005d2       0x2d c:/program files (x86)/gnu tools arm embedded/6 2017-q2-update/bin/../lib/gcc/arm-none-eabi/6.3.1/../../../../arm-none-eabi/lib/thumb/v7-m\libg.a(lib_a-localeconv.o)
 .ARM.attributes
                0x000005ff       0x2d c:/program files (x86)/gnu tools arm embedded/6 2017-q2-update/bin/../lib/gcc/arm-none-eabi/6.3.1/../../../../arm-none-eabi/lib/thumb/v7-m\libg.a(lib_a-mallocr.o)
 .ARM.attributes
                0x0000062c       0x2d c:/program files (x86)/gnu tools arm embedded/6 2017-q2-update/bin/../lib/gcc/arm-none-eabi/6.3.1/../../../../arm-none-eabi/lib/thumb/v7-m\libg.a(lib_a-memchr-stub.o)
 .ARM.attributes
                0x00000659       0x2d c:/program files (x86)/gnu tools arm embedded/6 2017-q2-update/bin/../lib/gcc/arm-none-eabi/6.3.1/../../../../arm-none-eabi/lib/thumb/v7-m\libg.a(lib_a-mlock.o)
 .ARM.attributes
                0x00000686       0x2d c:/program files (x86)/gnu tools arm embedded/6 2017-q2-update/bin/../lib/gcc/arm-none-eabi/6.3.1/../../../../arm-none-eabi/lib/thumb/v7-m\libg.a(lib_a-mprec.o)
 .ARM.attributes
                0x000006b3       0x2d c:/program files (x86)/gnu tools arm embedded/6 2017-q2-update/bin/../lib/gcc/arm-none-eabi/6.3.1/../../../../arm-none-eabi/lib/thumb/v7-m\libg.a(lib_a-sbrkr.o)
 .ARM.attributes
                0x000006e0       0x2d c:/program files (x86)/gnu tools arm embedded/6 2017-q2-update/bin/../lib/gcc/arm-none-eabi/6.3.1/../../../../arm-none-eabi/lib/thumb/v7-m\libg.a(lib_a-strlen-stub.o)
 .ARM.attributes
                0x0000070d       0x2d c:/program files (x86)/gnu tools arm embedded/6 2017-q2-update/bin/../lib/gcc/arm-none-eabi/6.3.1/../../../../arm-none-eabi/lib/thumb/v7-m\libg.a(lib_a-svfiprintf.o)
 .ARM.attributes
                0x0000073a       0x2d c:/program files (x86)/gnu tools arm embedded/6 2017-q2-update/bin/../lib/gcc/arm-none-eabi/6.3.1/../../../../arm-none-eabi/lib/thumb/v7-m\libg.a(lib_a-callocr.o)
 .ARM.attributes
                0x00000767       0x2d c:/program files (x86)/gnu tools arm embedded/6 2017-q2-update/bin/../lib/gcc/arm-none-eabi/6.3.1/../../../../arm-none-eabi/lib/thumb/v7-m\libg.a(lib_a-freer.o)
 .ARM.attributes
                0x00000794       0x2d c:/program files (x86)/gnu tools arm embedded/6 2017-q2-update/bin/../lib/gcc/arm-none-eabi/6.3.1/../../../../arm-none-eabi/lib/thumb/v7-m\libg.a(lib_a-locale.o)
 .ARM.attributes
                0x000007c1       0x2d c:/program files (x86)/gnu tools arm embedded/6 2017-q2-update/bin/../lib/gcc/arm-none-eabi/6.3.1/../../../../arm-none-eabi/lib/thumb/v7-m\libg.a(lib_a-mbtowc_r.o)
 .ARM.attributes
                0x000007ee       0x2d c:/program files (x86)/gnu tools arm embedded/6 2017-q2-update/bin/../lib/gcc/arm-none-eabi/6.3.1/../../../../arm-none-eabi/lib/thumb/v7-m\libg.a(lib_a-memmove.o)
 .ARM.attributes
                0x0000081b       0x2d c:/program files (x86)/gnu tools arm embedded/6 2017-q2-update/bin/../lib/gcc/arm-none-eabi/6.3.1/../../../../arm-none-eabi/lib/thumb/v7-m\libg.a(lib_a-reallocr.o)
 .ARM.attributes
                0x00000848       0x2d c:/program files (x86)/gnu tools arm embedded/6 2017-q2-update/bin/../lib/gcc/arm-none-eabi/6.3.1/../../../../arm-none-eabi/lib/thumb/v7-m\libg.a(lib_a-reent.o)
 .ARM.attributes
                0x00000875       0x2d c:/program files (x86)/gnu tools arm embedded/6 2017-q2-update/bin/../lib/gcc/arm-none-eabi/6.3.1/../../../../arm-none-eabi/lib/thumb/v7-m\libg.a(lib_a-wctomb_r.o)
 .ARM.attributes
                0x000008a2       0x2d c:/program files (x86)/gnu tools arm embedded/6 2017-q2-update/bin/../lib/gcc/arm-none-eabi/6.3.1/../../../../arm-none-eabi/lib/thumb/v7-m\libg.a(lib_a-ctype_.o)
 .ARM.attributes
                0x000008cf       0x1d c:/program files (x86)/gnu tools arm embedded/6 2017-q2-update/bin/../lib/gcc/arm-none-eabi/6.3.1/thumb/v7-m\libgcc.a(_arm_cmpdf2.o)
 .ARM.attributes
                0x000008ec       0x1d c:/program files (x86)/gnu tools arm embedded/6 2017-q2-update/bin/../lib/gcc/arm-none-eabi/6.3.1/thumb/v7-m\libgcc.a(_arm_unorddf2.o)
 .ARM.attributes
                0x00000909       0x1d c:/program files (x86)/gnu tools arm embedded/6 2017-q2-update/bin/../lib/gcc/arm-none-eabi/6.3.1/thumb/v7-m\libgcc.a(_arm_fixdfsi.o)
 .ARM.attributes
                0x00000926       0x1d c:/program files (x86)/gnu tools arm embedded/6 2017-q2-update/bin/../lib/gcc/arm-none-eabi/6.3.1/thumb/v7-m\libgcc.a(_aeabi_uldivmod.o)
 .ARM.attributes
                0x00000943       0x2d c:/program files (x86)/gnu tools arm embedded/6 2017-q2-update/bin/../lib/gcc/arm-none-eabi/6.3.1/thumb/v7-m\libgcc.a(_udivmoddi4.o)
 .ARM.attributes
                0x00000970       0x1d c:/program files (x86)/gnu tools arm embedded/6 2017-q2-update/bin/../lib/gcc/arm-none-eabi/6.3.1/thumb/v7-m\libgcc.a(_dvmd_tls.o)
 .ARM.attributes
                0x0000098d       0x2d c:/program files (x86)/gnu tools arm embedded/6 2017-q2-update/bin/../lib/gcc/arm-none-eabi/6.3.1/thumb/v7-m/crtend.o
 .ARM.attributes
                0x000009ba       0x1d c:/program files (x86)/gnu tools arm embedded/6 2017-q2-update/bin/../lib/gcc/arm-none-eabi/6.3.1/thumb/v7-m/crtn.o

.comment        0x00000000       0x7f
 .comment       0x00000000       0x7f ..\obj\handler.o
                                 0x80 (size before relaxing)
 .comment       0x0000007f       0x80 ..\obj\stm32f10x_tim.o
 .comment       0x0000007f       0x80 ..\obj\system_stm32f10x.o
 .comment       0x0000007f       0x80 ..\obj\pwm.o
 .comment       0x0000007f       0x80 ..\obj\startup_stm32f10x_md.o
 .comment       0x0000007f       0x80 ..\obj\stm32f10x_gpio.o
 .comment       0x0000007f       0x80 ..\obj\main.o
 .comment       0x0000007f       0x80 ..\obj\system.o
 .comment       0x0000007f       0x80 ..\obj\can.o
 .comment       0x0000007f       0x80 ..\obj\stm32f10x_rcc.o
 .comment       0x0000007f       0x80 ..\obj\gpio.o
 .comment       0x0000007f       0x80 ..\obj\stm32f10x_usart.o
 .comment       0x0000007f       0x80 ..\obj\syscalls.o
 .comment       0x0000007f       0x80 ..\obj\misc.o
 .comment       0x0000007f       0x80 ..\obj\usart.o

.debug_info     0x00000000    0x155cf
 .debug_info    0x00000000     0x2a3d ..\obj\handler.o
 .debug_info    0x00002a3d     0x1c67 ..\obj\stm32f10x_tim.o
 .debug_info    0x000046a4      0x4a3 ..\obj\system_stm32f10x.o
 .debug_info    0x00004b47     0x3100 ..\obj\pwm.o
 .debug_info    0x00007c47      0x10b ..\obj\startup_stm32f10x_md.o
 .debug_info    0x00007d52      0x6fd ..\obj\stm32f10x_gpio.o
 .debug_info    0x0000844f     0x32e9 ..\obj\main.o
 .debug_info    0x0000b738      0x7af ..\obj\system.o
 .debug_info    0x0000bee7     0x36f6 ..\obj\can.o
 .debug_info    0x0000f5dd      0x8ae ..\obj\stm32f10x_rcc.o
 .debug_info    0x0000fe8b      0x6fb ..\obj\gpio.o
 .debug_info    0x00010586      0x9f7 ..\obj\stm32f10x_usart.o
 .debug_info    0x00010f7d      0xc94 ..\obj\syscalls.o
 .debug_info    0x00011c11      0x549 ..\obj\misc.o
 .debug_info    0x0001215a     0x3475 ..\obj\usart.o

.debug_abbrev   0x00000000     0x30b9
 .debug_abbrev  0x00000000      0x51c ..\obj\handler.o
 .debug_abbrev  0x0000051c      0x1c1 ..\obj\stm32f10x_tim.o
 .debug_abbrev  0x000006dd      0x16c ..\obj\system_stm32f10x.o
 .debug_abbrev  0x00000849      0x610 ..\obj\pwm.o
 .debug_abbrev  0x00000e59       0xb6 ..\obj\startup_stm32f10x_md.o
 .debug_abbrev  0x00000f0f      0x1db ..\obj\stm32f10x_gpio.o
 .debug_abbrev  0x000010ea      0x62d ..\obj\main.o
 .debug_abbrev  0x00001717      0x207 ..\obj\system.o
 .debug_abbrev  0x0000191e      0x76a ..\obj\can.o
 .debug_abbrev  0x00002088      0x1cd ..\obj\stm32f10x_rcc.o
 .debug_abbrev  0x00002255      0x274 ..\obj\gpio.o
 .debug_abbrev  0x000024c9      0x18d ..\obj\stm32f10x_usart.o
 .debug_abbrev  0x00002656      0x20d ..\obj\syscalls.o
 .debug_abbrev  0x00002863      0x170 ..\obj\misc.o
 .debug_abbrev  0x000029d3      0x6e6 ..\obj\usart.o

.debug_aranges  0x00000000      0xa08
 .debug_aranges
                0x00000000       0x48 ..\obj\handler.o
 .debug_aranges
                0x00000048      0x2f0 ..\obj\stm32f10x_tim.o
 .debug_aranges
                0x00000338       0x38 ..\obj\system_stm32f10x.o
 .debug_aranges
                0x00000370       0x88 ..\obj\pwm.o
 .debug_aranges
                0x000003f8       0x28 ..\obj\startup_stm32f10x_md.o
 .debug_aranges
                0x00000420       0xa8 ..\obj\stm32f10x_gpio.o
 .debug_aranges
                0x000004c8       0x40 ..\obj\main.o
 .debug_aranges
                0x00000508       0x68 ..\obj\system.o
 .debug_aranges
                0x00000570       0xa8 ..\obj\can.o
 .debug_aranges
                0x00000618      0x118 ..\obj\stm32f10x_rcc.o
 .debug_aranges
                0x00000730       0x70 ..\obj\gpio.o
 .debug_aranges
                0x000007a0      0x100 ..\obj\stm32f10x_usart.o
 .debug_aranges
                0x000008a0       0x60 ..\obj\syscalls.o
 .debug_aranges
                0x00000900       0x40 ..\obj\misc.o
 .debug_aranges
                0x00000940       0xc8 ..\obj\usart.o

.debug_ranges   0x00000000      0x918
 .debug_ranges  0x00000000       0x38 ..\obj\handler.o
 .debug_ranges  0x00000038      0x2e0 ..\obj\stm32f10x_tim.o
 .debug_ranges  0x00000318       0x28 ..\obj\system_stm32f10x.o
 .debug_ranges  0x00000340       0x78 ..\obj\pwm.o
 .debug_ranges  0x000003b8       0x18 ..\obj\startup_stm32f10x_md.o
 .debug_ranges  0x000003d0       0x98 ..\obj\stm32f10x_gpio.o
 .debug_ranges  0x00000468       0x30 ..\obj\main.o
 .debug_ranges  0x00000498       0x58 ..\obj\system.o
 .debug_ranges  0x000004f0       0x98 ..\obj\can.o
 .debug_ranges  0x00000588      0x108 ..\obj\stm32f10x_rcc.o
 .debug_ranges  0x00000690       0x60 ..\obj\gpio.o
 .debug_ranges  0x000006f0       0xf0 ..\obj\stm32f10x_usart.o
 .debug_ranges  0x000007e0       0x50 ..\obj\syscalls.o
 .debug_ranges  0x00000830       0x30 ..\obj\misc.o
 .debug_ranges  0x00000860       0xb8 ..\obj\usart.o

.debug_line     0x00000000     0x51cb
 .debug_line    0x00000000      0x72c ..\obj\handler.o
 .debug_line    0x0000072c      0xb66 ..\obj\stm32f10x_tim.o
 .debug_line    0x00001292      0x23e ..\obj\system_stm32f10x.o
 .debug_line    0x000014d0      0x8d1 ..\obj\pwm.o
 .debug_line    0x00001da1       0x9e ..\obj\startup_stm32f10x_md.o
 .debug_line    0x00001e3f      0x3e6 ..\obj\stm32f10x_gpio.o
 .debug_line    0x00002225      0x77b ..\obj\main.o
 .debug_line    0x000029a0      0x2d0 ..\obj\system.o
 .debug_line    0x00002c70      0x946 ..\obj\can.o
 .debug_line    0x000035b6      0x4e1 ..\obj\stm32f10x_rcc.o
 .debug_line    0x00003a97      0x32f ..\obj\gpio.o
 .debug_line    0x00003dc6      0x4c8 ..\obj\stm32f10x_usart.o
 .debug_line    0x0000428e      0x2d9 ..\obj\syscalls.o
 .debug_line    0x00004567      0x259 ..\obj\misc.o
 .debug_line    0x000047c0      0xa0b ..\obj\usart.o

.debug_str      0x00000000     0x4ae4
 .debug_str     0x00000000     0x16dd ..\obj\handler.o
                               0x1a1d (size before relaxing)
 .debug_str     0x000016dd      0xb3d ..\obj\stm32f10x_tim.o
                                0xdf1 (size before relaxing)
 .debug_str     0x0000221a      0x155 ..\obj\system_stm32f10x.o
                                0x2f3 (size before relaxing)
 .debug_str     0x0000236f      0x560 ..\obj\pwm.o
                               0x1f99 (size before relaxing)
 .debug_str     0x000028cf       0xbe ..\obj\startup_stm32f10x_md.o
                                0x155 (size before relaxing)
 .debug_str     0x0000298d      0x253 ..\obj\stm32f10x_gpio.o
                                0x52d (size before relaxing)
 .debug_str     0x00002be0      0x564 ..\obj\main.o
                               0x2161 (size before relaxing)
 .debug_str     0x00003144      0x4f5 ..\obj\system.o
                                0x7e2 (size before relaxing)
 .debug_str     0x00003639      0x7a4 ..\obj\can.o
                               0x2580 (size before relaxing)
 .debug_str     0x00003ddd      0x35c ..\obj\stm32f10x_rcc.o
                                0x62e (size before relaxing)
 .debug_str     0x00004139       0xaa ..\obj\gpio.o
                                0x57a (size before relaxing)
 .debug_str     0x000041e3      0x406 ..\obj\stm32f10x_usart.o
                                0x6a4 (size before relaxing)
 .debug_str     0x000045e9      0x17d ..\obj\syscalls.o
                                0x70d (size before relaxing)
 .debug_str     0x00004766      0x107 ..\obj\misc.o
                                0x3d2 (size before relaxing)
 .debug_str     0x0000486d      0x277 ..\obj\usart.o
                               0x23c7 (size before relaxing)

.debug_frame    0x00000000     0x37bc
 .debug_frame   0x00000000       0xd0 ..\obj\handler.o
 .debug_frame   0x000000d0      0xe2c ..\obj\stm32f10x_tim.o
 .debug_frame   0x00000efc       0x98 ..\obj\system_stm32f10x.o
 .debug_frame   0x00000f94      0x210 ..\obj\pwm.o
 .debug_frame   0x000011a4       0x4c ..\obj\startup_stm32f10x_md.o
 .debug_frame   0x000011f0      0x2d0 ..\obj\stm32f10x_gpio.o
 .debug_frame   0x000014c0       0xbc ..\obj\main.o
 .debug_frame   0x0000157c      0x15c ..\obj\system.o
 .debug_frame   0x000016d8      0x2cc ..\obj\can.o
 .debug_frame   0x000019a4      0x4f4 ..\obj\stm32f10x_rcc.o
 .debug_frame   0x00001e98      0x1a4 ..\obj\gpio.o
 .debug_frame   0x0000203c      0x490 ..\obj\stm32f10x_usart.o
 .debug_frame   0x000024cc      0x168 ..\obj\syscalls.o
 .debug_frame   0x00002634       0xd8 ..\obj\misc.o
 .debug_frame   0x0000270c      0x364 ..\obj\usart.o
 .debug_frame   0x00002a70       0xac c:/program files (x86)/gnu tools arm embedded/6 2017-q2-update/bin/../lib/gcc/arm-none-eabi/6.3.1/thumb/v7-m\libgcc.a(_arm_addsubdf3.o)
 .debug_frame   0x00002b1c       0x50 c:/program files (x86)/gnu tools arm embedded/6 2017-q2-update/bin/../lib/gcc/arm-none-eabi/6.3.1/thumb/v7-m\libgcc.a(_arm_muldivdf3.o)
 .debug_frame   0x00002b6c       0x4c c:/program files (x86)/gnu tools arm embedded/6 2017-q2-update/bin/../lib/gcc/arm-none-eabi/6.3.1/thumb/v7-m\libgcc.a(_arm_addsubsf3.o)
 .debug_frame   0x00002bb8       0x38 c:/program files (x86)/gnu tools arm embedded/6 2017-q2-update/bin/../lib/gcc/arm-none-eabi/6.3.1/thumb/v7-m\libgcc.a(_arm_muldivsf3.o)
 .debug_frame   0x00002bf0       0xc8 c:/program files (x86)/gnu tools arm embedded/6 2017-q2-update/bin/../lib/gcc/arm-none-eabi/6.3.1/thumb/v7-m\libgcc.a(_arm_cmpsf2.o)
 .debug_frame   0x00002cb8       0x24 c:/program files (x86)/gnu tools arm embedded/6 2017-q2-update/bin/../lib/gcc/arm-none-eabi/6.3.1/thumb/v7-m\libgcc.a(_arm_fixunssfsi.o)
 .debug_frame   0x00002cdc       0x34 c:/program files (x86)/gnu tools arm embedded/6 2017-q2-update/bin/../lib/gcc/arm-none-eabi/6.3.1/../../../../arm-none-eabi/lib/thumb/v7-m\libg.a(lib_a-memset.o)
 .debug_frame   0x00002d10       0x50 c:/program files (x86)/gnu tools arm embedded/6 2017-q2-update/bin/../lib/gcc/arm-none-eabi/6.3.1/../../../../arm-none-eabi/lib/thumb/v7-m\libg.a(lib_a-vsprintf.o)
 .debug_frame   0x00002d60       0x5c c:/program files (x86)/gnu tools arm embedded/6 2017-q2-update/bin/../lib/gcc/arm-none-eabi/6.3.1/../../../../arm-none-eabi/lib/thumb/v7-m\libg.a(lib_a-__call_atexit.o)
 .debug_frame   0x00002dbc       0x20 c:/program files (x86)/gnu tools arm embedded/6 2017-q2-update/bin/../lib/gcc/arm-none-eabi/6.3.1/../../../../arm-none-eabi/lib/thumb/v7-m\libg.a(lib_a-atexit.o)
 .debug_frame   0x00002ddc       0x34 c:/program files (x86)/gnu tools arm embedded/6 2017-q2-update/bin/../lib/gcc/arm-none-eabi/6.3.1/../../../../arm-none-eabi/lib/thumb/v7-m\libg.a(lib_a-fini.o)
 .debug_frame   0x00002e10       0xb0 c:/program files (x86)/gnu tools arm embedded/6 2017-q2-update/bin/../lib/gcc/arm-none-eabi/6.3.1/../../../../arm-none-eabi/lib/thumb/v7-m\libg.a(lib_a-lock.o)
 .debug_frame   0x00002ec0       0x40 c:/program files (x86)/gnu tools arm embedded/6 2017-q2-update/bin/../lib/gcc/arm-none-eabi/6.3.1/../../../../arm-none-eabi/lib/thumb/v7-m\libg.a(lib_a-svfprintf.o)
 .debug_frame   0x00002f00       0x34 c:/program files (x86)/gnu tools arm embedded/6 2017-q2-update/bin/../lib/gcc/arm-none-eabi/6.3.1/../../../../arm-none-eabi/lib/thumb/v7-m\libg.a(lib_a-__atexit.o)
 .debug_frame   0x00002f34       0x84 c:/program files (x86)/gnu tools arm embedded/6 2017-q2-update/bin/../lib/gcc/arm-none-eabi/6.3.1/../../../../arm-none-eabi/lib/thumb/v7-m\libg.a(lib_a-dtoa.o)
 .debug_frame   0x00002fb8       0x40 c:/program files (x86)/gnu tools arm embedded/6 2017-q2-update/bin/../lib/gcc/arm-none-eabi/6.3.1/../../../../arm-none-eabi/lib/thumb/v7-m\libg.a(lib_a-localeconv.o)
 .debug_frame   0x00002ff8       0x54 c:/program files (x86)/gnu tools arm embedded/6 2017-q2-update/bin/../lib/gcc/arm-none-eabi/6.3.1/../../../../arm-none-eabi/lib/thumb/v7-m\libg.a(lib_a-mallocr.o)
 .debug_frame   0x0000304c       0x34 c:/program files (x86)/gnu tools arm embedded/6 2017-q2-update/bin/../lib/gcc/arm-none-eabi/6.3.1/../../../../arm-none-eabi/lib/thumb/v7-m\libg.a(lib_a-memchr-stub.o)
 .debug_frame   0x00003080       0x30 c:/program files (x86)/gnu tools arm embedded/6 2017-q2-update/bin/../lib/gcc/arm-none-eabi/6.3.1/../../../../arm-none-eabi/lib/thumb/v7-m\libg.a(lib_a-mlock.o)
 .debug_frame   0x000030b0      0x260 c:/program files (x86)/gnu tools arm embedded/6 2017-q2-update/bin/../lib/gcc/arm-none-eabi/6.3.1/../../../../arm-none-eabi/lib/thumb/v7-m\libg.a(lib_a-mprec.o)
 .debug_frame   0x00003310       0x2c c:/program files (x86)/gnu tools arm embedded/6 2017-q2-update/bin/../lib/gcc/arm-none-eabi/6.3.1/../../../../arm-none-eabi/lib/thumb/v7-m\libg.a(lib_a-sbrkr.o)
 .debug_frame   0x0000333c       0x20 c:/program files (x86)/gnu tools arm embedded/6 2017-q2-update/bin/../lib/gcc/arm-none-eabi/6.3.1/../../../../arm-none-eabi/lib/thumb/v7-m\libg.a(lib_a-strlen-stub.o)
 .debug_frame   0x0000335c       0x78 c:/program files (x86)/gnu tools arm embedded/6 2017-q2-update/bin/../lib/gcc/arm-none-eabi/6.3.1/../../../../arm-none-eabi/lib/thumb/v7-m\libg.a(lib_a-svfiprintf.o)
 .debug_frame   0x000033d4       0x28 c:/program files (x86)/gnu tools arm embedded/6 2017-q2-update/bin/../lib/gcc/arm-none-eabi/6.3.1/../../../../arm-none-eabi/lib/thumb/v7-m\libg.a(lib_a-callocr.o)
 .debug_frame   0x000033fc       0x74 c:/program files (x86)/gnu tools arm embedded/6 2017-q2-update/bin/../lib/gcc/arm-none-eabi/6.3.1/../../../../arm-none-eabi/lib/thumb/v7-m\libg.a(lib_a-freer.o)
 .debug_frame   0x00003470       0x6c c:/program files (x86)/gnu tools arm embedded/6 2017-q2-update/bin/../lib/gcc/arm-none-eabi/6.3.1/../../../../arm-none-eabi/lib/thumb/v7-m\libg.a(lib_a-locale.o)
 .debug_frame   0x000034dc       0x4c c:/program files (x86)/gnu tools arm embedded/6 2017-q2-update/bin/../lib/gcc/arm-none-eabi/6.3.1/../../../../arm-none-eabi/lib/thumb/v7-m\libg.a(lib_a-mbtowc_r.o)
 .debug_frame   0x00003528       0x30 c:/program files (x86)/gnu tools arm embedded/6 2017-q2-update/bin/../lib/gcc/arm-none-eabi/6.3.1/../../../../arm-none-eabi/lib/thumb/v7-m\libg.a(lib_a-memmove.o)
 .debug_frame   0x00003558       0x68 c:/program files (x86)/gnu tools arm embedded/6 2017-q2-update/bin/../lib/gcc/arm-none-eabi/6.3.1/../../../../arm-none-eabi/lib/thumb/v7-m\libg.a(lib_a-reallocr.o)
 .debug_frame   0x000035c0       0x58 c:/program files (x86)/gnu tools arm embedded/6 2017-q2-update/bin/../lib/gcc/arm-none-eabi/6.3.1/../../../../arm-none-eabi/lib/thumb/v7-m\libg.a(lib_a-reent.o)
 .debug_frame   0x00003618       0x3c c:/program files (x86)/gnu tools arm embedded/6 2017-q2-update/bin/../lib/gcc/arm-none-eabi/6.3.1/../../../../arm-none-eabi/lib/thumb/v7-m\libg.a(lib_a-wctomb_r.o)
 .debug_frame   0x00003654       0xc4 c:/program files (x86)/gnu tools arm embedded/6 2017-q2-update/bin/../lib/gcc/arm-none-eabi/6.3.1/thumb/v7-m\libgcc.a(_arm_cmpdf2.o)
 .debug_frame   0x00003718       0x20 c:/program files (x86)/gnu tools arm embedded/6 2017-q2-update/bin/../lib/gcc/arm-none-eabi/6.3.1/thumb/v7-m\libgcc.a(_arm_unorddf2.o)
 .debug_frame   0x00003738       0x24 c:/program files (x86)/gnu tools arm embedded/6 2017-q2-update/bin/../lib/gcc/arm-none-eabi/6.3.1/thumb/v7-m\libgcc.a(_arm_fixdfsi.o)
 .debug_frame   0x0000375c       0x2c c:/program files (x86)/gnu tools arm embedded/6 2017-q2-update/bin/../lib/gcc/arm-none-eabi/6.3.1/thumb/v7-m\libgcc.a(_aeabi_uldivmod.o)
 .debug_frame   0x00003788       0x34 c:/program files (x86)/gnu tools arm embedded/6 2017-q2-update/bin/../lib/gcc/arm-none-eabi/6.3.1/thumb/v7-m\libgcc.a(_udivmoddi4.o)
